data/art/critters/MADDOGAA.FRM
data/art/critters/MADDOGAT.FRM
data/art/critters/MARDOGAA.FRM
data/art/critters/MARDOGAT.FRM
data/art/critters/MARDOGNA.FRM
data/art/critters/NMNICEAT.FRM
data/art/entiry/en1.bmp
data/art/entiry/en1.FRM
data/art/entiry/en1.png
data/art/entiry/en2.bmp
data/art/entiry/en2.FRM
data/art/entiry/en2.png
data/art/entiry/en3.bmp
data/art/entiry/en3.FRM
data/art/entiry/en3.png
data/art/entiry/en4.bmp
data/art/entiry/en4.FRM
data/art/entiry/en4.png
data/art/entiry/en5.bmp
data/art/entiry/en5.FRM
data/art/entiry/en5.png
data/art/geometry/fallout_hex1.png
data/art/geometry/fallout_hex2.png
data/art/geometry/fallout_hex3.png
data/art/geometry/fallout_hex_mask.png
data/art/geometry/fallout_move_post.png
data/art/geometry/fallout_move_pre.png
data/art/geometry/fallout_move_x.png
data/art/geometry/fallout_track1.png
data/art/geometry/fallout_track2.png
data/art/intrface/auction/auction_buy.png
data/art/intrface/auction/auction_sell.png
data/art/intrface/auction/f5.png
data/art/intrface/auction/f5_1.png
data/art/intrface/configs/Default_Interface.ini
data/art/intrface/configs/Default_Interface.png
data/art/intrface/configs/Default_Interface.txt
data/art/intrface/configs/Pure_Evil_Interface.ini
data/art/intrface/configs/Pure_Evil_Interface.png
data/art/intrface/configs/Pure_Evil_Interface.txt
data/art/intrface/DI_RDBT/DI_RDBT_00.png
data/art/intrface/DI_RDBT/DI_RDBT_01.png
data/art/intrface/DI_RDBT/DI_RDBT_02.png
data/art/intrface/DI_RDBT/DI_RDBT_03.png
data/art/intrface/DI_RDBT/DI_RDBT_04.png
data/art/intrface/DI_RDBT/DI_RDBT_05.png
data/art/intrface/DI_RDBT/DI_RDBT_06.png
data/art/intrface/DI_RDBT/DI_RDBT_07.png
data/art/intrface/DI_RDBT/DI_RDBT_08.png
data/art/intrface/DI_RDBT/DI_RDBT_09.png
data/art/intrface/DI_RDBT/DI_RDBT_10.png
data/art/intrface/DI_RDBT/Thumbs.db
data/art/intrface/quest/1.png
data/art/intrface/quest/2.png
data/art/intrface/quest/3.png
data/art/intrface/quest/4.png
data/art/intrface/quest/5.png
data/art/intrface/quest/6.png
data/art/intrface/quest/7.png
data/art/intrface/radar/radar00.png
data/art/intrface/radar/radar01.png
data/art/intrface/radar/radar02.png
data/art/intrface/radar/radar03.png
data/art/intrface/radar/radar04.png
data/art/intrface/radar/radar05.png
data/art/intrface/radar/radar06.png
data/art/intrface/radar/radar07.png
data/art/intrface/radar/radar08.png
data/art/intrface/radar/radar09.png
data/art/intrface/radar/radar10.png
data/art/intrface/radar/radar11.png
data/art/intrface/radar/radar12.png
data/art/intrface/radar/radar13.png
data/art/intrface/radar/radar14.png
data/art/intrface/radar/radar15.png
data/art/intrface/radar/radar16.png
data/art/intrface/radar/radar17.png
data/art/intrface/radar/radar18.png
data/art/intrface/radar/radar19.png
data/art/intrface/radar/radar20.png
data/art/intrface/radar/radar21.png
data/art/intrface/radar/radar22.png
data/art/intrface/radar/radar23.png
data/art/intrface/radar/radar24.png
data/art/intrface/radar/radar25.png
data/art/intrface/radar/radar26.png
data/art/intrface/radar/radar27.png
data/art/intrface/radar/radar28.png
data/art/intrface/radar/radar29.png
data/art/intrface/radar/radar30.png
data/art/intrface/radar/radar31.png
data/art/intrface/radar/radar32.png
data/art/intrface/radar/radar33.png
data/art/intrface/radar/radar34.png
data/art/intrface/radar/Thumbs.db
data/art/intrface/+_dn.png
data/art/intrface/+_dn_f.png
data/art/intrface/+_dn_x.png
data/art/intrface/-_dn.png
data/art/intrface/-_dn_f.png
data/art/intrface/-_dn_x.png
data/art/intrface/3ds_invbox.pdn
data/art/intrface/3d_character.png
data/art/intrface/3d_invbox.png
data/art/intrface/3d_registration.png
data/art/intrface/3d_reg_arrow_down.png
data/art/intrface/3d_reg_arrow_up.png
data/art/intrface/ACTARROM.FRM
data/art/intrface/ACTARROW.FRM
data/art/intrface/ACTMENU.FRM
data/art/intrface/actpick.frm
data/art/intrface/ACTTOHIT.FRM
data/art/intrface/ageoff.frm
data/art/intrface/ageon.frm
data/art/intrface/AimButtonPic1.png
data/art/intrface/AimButtonPic2.png
data/art/intrface/aimcancel.png
data/art/intrface/aimcancel_x.png
data/art/intrface/AimEye.png
data/art/intrface/AimEyeBt.png
data/art/intrface/AimGroin.png
data/art/intrface/AimGroinBt.png
data/art/intrface/AimHead.png
data/art/intrface/AimHeadBt.png
data/art/intrface/AimLArm.png
data/art/intrface/AimLArmBt.png
data/art/intrface/AimLLeg.png
data/art/intrface/AimLLegBt.png
data/art/intrface/AimRArm.png
data/art/intrface/AimRArmBt.png
data/art/intrface/AimRLeg.png
data/art/intrface/AimRLegBt.png
data/art/intrface/AimTorso.png
data/art/intrface/AimTorsoBr.png
data/art/intrface/AimTorsoBt.png
data/art/intrface/antiSCOPE_x.png
data/art/intrface/automap_f.png
data/art/intrface/AutoRun.PNG
data/art/intrface/AutoRunDwn.PNG
data/art/intrface/autoup_f.png
data/art/intrface/barter.png
data/art/intrface/barterb.png
data/art/intrface/barterok-cancel_f.png
data/art/intrface/barterok-cancel_x.png
data/art/intrface/barter_f.png
data/art/intrface/barter_pushed0.png
data/art/intrface/barter_pushed1.png
data/art/intrface/barter_pushed2.png
data/art/intrface/barter_pushed3.png
data/art/intrface/barter_pushed4.png
data/art/intrface/barter_x.png
data/art/intrface/bbdone_dn.png
data/art/intrface/bbfix_dn.png
data/art/intrface/bbtall_dn.png
data/art/intrface/bb_dn_f.png
data/art/intrface/bb_dn_x.png
data/art/intrface/bcanc.png
data/art/intrface/binvd.png
data/art/intrface/blank.png
data/art/intrface/bluedot small.png
data/art/intrface/bluedot small_x.png
data/art/intrface/box_but_f.png
data/art/intrface/burst.FRM
data/art/intrface/ButtonDown.PNG
data/art/intrface/ButtonDown1.PNg
data/art/intrface/ButtonUp.PNG
data/art/intrface/ButtonUp1.png
data/art/intrface/CALLED.FRM
data/art/intrface/cancelbig.png
data/art/intrface/cancel_f.png
data/art/intrface/car_lockbutup_f.png.png
data/art/intrface/car_lockbut_f.png
data/art/intrface/car_lockpick.png
data/art/intrface/car_lockpick_f.png
data/art/intrface/ccancel.png
data/art/intrface/CHAMK2.png
data/art/intrface/change_slot.png
data/art/intrface/character.png
data/art/intrface/character_f.png
data/art/intrface/character_x.png
data/art/intrface/cha_age.png
data/art/intrface/cha_age_f.png
data/art/intrface/cha_age_x.png
data/art/intrface/cha_digitreplace.PNG
data/art/intrface/cha_name.png
data/art/intrface/cha_name_f.png
data/art/intrface/cha_name_singleplayer.png
data/art/intrface/cha_name_x.png
data/art/intrface/cha_sex.png
data/art/intrface/cha_sex_f.png
data/art/intrface/cha_sex_x.png
data/art/intrface/cha_textreplace.PNG
data/art/intrface/chosen_tab.png
data/art/intrface/chosen_tab_f.png
data/art/intrface/chosen_tab_x.png
data/art/intrface/city_enemy.png
data/art/intrface/city_provoker.png
data/art/intrface/clock.FRM
data/art/intrface/clock_f.FRM
data/art/intrface/cmd_attack.png
data/art/intrface/cmd_menu.png
data/art/intrface/cmd_menu_f.png
data/art/intrface/cmd_move.png
data/art/intrface/cmd_select.png
data/art/intrface/cmd_stop.png
data/art/intrface/cmd_up.png
data/art/intrface/CM_HOOKK.FRM
data/art/intrface/CM_HYMKR.FRM
data/art/intrface/CM_JAB.FRM
data/art/intrface/CM_PLMST.FRM
data/art/intrface/CM_PRCKK.FRM
data/art/intrface/CM_PSTRK.FRM
data/art/intrface/CM_PWKCK.FRM
data/art/intrface/cname.png
data/art/intrface/cok.png
data/art/intrface/ColorDigits.PNG
data/art/intrface/ColorList.PNG
data/art/intrface/ColorOk.png
data/art/intrface/ColorOkDwn.png
data/art/intrface/ColorSample.PNG
data/art/intrface/colorscreen.PNG
data/art/intrface/ColorTitle.PNG
data/art/intrface/ContentViewer.png
data/art/intrface/cprint.png
data/art/intrface/cross.png
data/art/intrface/Cscroll.png
data/art/intrface/Cscrollbar.png
data/art/intrface/cursor_select.png
data/art/intrface/default.ini
data/art/intrface/dialogbox_bottom.png
data/art/intrface/dialogbox_bottom_f.png
data/art/intrface/dialogbox_bottom_x.png
data/art/intrface/dialogbox_Button.png
data/art/intrface/dialogbox_Button_f.png
data/art/intrface/dialogbox_Button_x.png
data/art/intrface/dialogbox_middle.png
data/art/intrface/dialogbox_middle_f.png
data/art/intrface/dialogbox_middle_x.png
data/art/intrface/dialogbox_top.png
data/art/intrface/dialogbox_top_f.png
data/art/intrface/dialogbox_top_x.png
data/art/intrface/DI_RDBT.fofrm
data/art/intrface/DwnArrow_dwn.PNG
data/art/intrface/DwnArrow_dwn1.PNG
data/art/intrface/DwnArrow_up.PNG
data/art/intrface/DwnArrow_up1.PNG
data/art/intrface/EBUT_dn_f.png
data/art/intrface/EBUT_OUT_f.png
data/art/intrface/elevator_indicator.FRM
data/art/intrface/end.FRM
data/art/intrface/ENDCMBTD.gif
data/art/intrface/ENDTURND.gif
data/art/intrface/end_f.FRM
data/art/intrface/end_x.FRM
data/art/intrface/extmsg.png
data/art/intrface/extmsgw_f.png
data/art/intrface/extmsgw_x.png
data/art/intrface/extmsg_f.png
data/art/intrface/extmsg_x.png
data/art/intrface/ExtraSlot.png
data/art/intrface/e_locker.PNG
data/art/intrface/e_locker_f.png
data/art/intrface/fallout_track2.png
data/art/intrface/filtr_items.ini
data/art/intrface/fixboy-high.png
data/art/intrface/fixboy-high_x.png
data/art/intrface/fixboy.png
data/art/intrface/fixboy_done.png
data/art/intrface/fixboy_f.png
data/art/intrface/fixboy_fix.png
data/art/intrface/fixdn_f.png
data/art/intrface/fixEmbl.png
data/art/intrface/FixFiltrDown.png
data/art/intrface/FixFiltrDown_f.png
data/art/intrface/FixFiltrUp.png
data/art/intrface/FixFiltrUp_f.png
data/art/intrface/fixListBox.png
data/art/intrface/FIXMK2.png
data/art/intrface/FixScroll.png
data/art/intrface/fixscrollbar_f.png
data/art/intrface/fixup_f.png
data/art/intrface/FLDRMASK.FRM
data/art/intrface/follow.png
data/art/intrface/follow_me.png
data/art/intrface/follow_me_f.png
data/art/intrface/follow_me_x.png
data/art/intrface/follow_to.png
data/art/intrface/follow_to_f.png
data/art/intrface/follow_to_x.png
data/art/intrface/FRAMK2.png
data/art/intrface/frbt_dn_f.png
data/art/intrface/frbt_dn_x.png
data/art/intrface/frbt_up_f.png
data/art/intrface/frbt_up_x.png
data/art/intrface/frcancel_f.png
data/art/intrface/frcancel_x.png
data/art/intrface/frColorDigits_f.PNG
data/art/intrface/frColorDigits_x.PNG
data/art/intrface/frcolorscrollbar_f.png
data/art/intrface/frcolorscrollbar_x.png
data/art/intrface/frColorTitle_f.PNG
data/art/intrface/frColorTitle_x.PNG
data/art/intrface/frsay_dn_f.png
data/art/intrface/frsay_f.png
data/art/intrface/frsay_up_f.png
data/art/intrface/FrScreen.PNG
data/art/intrface/FrScreen_f.png
data/art/intrface/FrScreen_x.png
data/art/intrface/frscrollbar_f.png
data/art/intrface/frscrollbar_x.png
data/art/intrface/frscrollbt_f.png
data/art/intrface/frscrollbt_x.png
data/art/intrface/frstatbox_f.PNG
data/art/intrface/frstatbox_x.PNG
data/art/intrface/frstatbox_x1.PNG
data/art/intrface/FrStatListbox.PNG
data/art/intrface/FrStatScreen.PNG
data/art/intrface/FrStatTextbox.PNG
data/art/intrface/frtextbox_f.PNG
data/art/intrface/frtextbox_x.PNG
data/art/intrface/give.png
data/art/intrface/give_f.png
data/art/intrface/give_x.png
data/art/intrface/greendot big_f.png
data/art/intrface/greendot big_x.png
data/art/intrface/greendot small.png
data/art/intrface/greendot small_f.png
data/art/intrface/greendot small_x.png
data/art/intrface/greendot.png
data/art/intrface/greendot_f.png
data/art/intrface/greendot_x.png
data/art/intrface/green_pix.png
data/art/intrface/HAMPNCH.FRM
data/art/intrface/healsbar0.png
data/art/intrface/healsbar0_pix.png
data/art/intrface/hellsbar.png
data/art/intrface/HIPK.FRM
data/art/intrface/HLGRNMK2.png
data/art/intrface/HLREDMK2.png
data/art/intrface/HLYELMK2.png
data/art/intrface/hotspot1.png
data/art/intrface/hotspot1_f.png
data/art/intrface/hotspot1_x.png
data/art/intrface/hotspot2.png
data/art/intrface/hotspot2_f.png
data/art/intrface/hotspot2_x.png
data/art/intrface/iface.png
data/art/intrface/iface_add_mess.png
data/art/intrface/iface_fix.png
data/art/intrface/iface_item.png
data/art/intrface/iface_obj.png
data/art/intrface/iface_small_btn.png
data/art/intrface/input_box.png
data/art/intrface/input_box_f.png
data/art/intrface/interfacew_f.png
data/art/intrface/interface_f.png
data/art/intrface/Int_greendotl_f.png
data/art/intrface/invbox-nospin-high.png
data/art/intrface/invbox-nospin-high_f.png
data/art/intrface/invbox-nospin-high_x.png
data/art/intrface/invbox.pdn
data/art/intrface/invbox.png
data/art/intrface/invbox2-normal.png
data/art/intrface/invbox2-smoke.png
data/art/intrface/invbox2.PNG
data/art/intrface/invbox_pe.png
data/art/intrface/invmadn.frm
data/art/intrface/INVMK2.png
data/art/intrface/ItemCombinationTempl.png
data/art/intrface/kick.FRM
data/art/intrface/leftbutton_on.png
data/art/intrface/LILREDDN.FRM
data/art/intrface/list.ini
data/art/intrface/LMenuPushPic.png
data/art/intrface/LMenuPushPicDn.png
data/art/intrface/LMenuPushPicDn_x.png
data/art/intrface/LMenuPushPic_x.png
data/art/intrface/lmenu_barter_hide_dn.png
data/art/intrface/lmenu_barter_hide_dn_x.png
data/art/intrface/lmenu_barter_hide_up.png
data/art/intrface/lmenu_barter_hide_up_x.png
data/art/intrface/lmenu_barter_open_dn.png
data/art/intrface/lmenu_barter_open_dn_x.png
data/art/intrface/lmenu_barter_open_up.png
data/art/intrface/lmenu_barter_open_up_x.png
data/art/intrface/lmenu_gmap_kick_dn.png
data/art/intrface/lmenu_gmap_kick_dn_x.png
data/art/intrface/lmenu_gmap_kick_up.png
data/art/intrface/lmenu_gmap_kick_up_x.png
data/art/intrface/lmenu_gmap_rule_dn.png
data/art/intrface/lmenu_gmap_rule_dn_x.png
data/art/intrface/lmenu_gmap_rule_up.png
data/art/intrface/lmenu_gmap_rule_up_x.png
data/art/intrface/lmenu_gmfollow_dn.png
data/art/intrface/lmenu_gmfollow_dn_x.png
data/art/intrface/lmenu_gmfollow_up.png
data/art/intrface/lmenu_gmfollow_up_x.png
data/art/intrface/lmenu_pickitem_dn.png
data/art/intrface/lmenu_pickitem_up.png
data/art/intrface/lmenu_repair_dn.png
data/art/intrface/lmenu_repair_up.png
data/art/intrface/lmenu_sortdown_dn.png
data/art/intrface/lmenu_sortdown_up.png
data/art/intrface/lmenu_sortup_dn.png
data/art/intrface/lmenu_sortup_up.png
data/art/intrface/lmenu_team_clear.png
data/art/intrface/lmenu_team_doc.png
data/art/intrface/lmenu_team_fa.png
data/art/intrface/lmenu_votedown_dn.png
data/art/intrface/lmenu_votedown_dn_x.png
data/art/intrface/lmenu_votedown_up.png
data/art/intrface/lmenu_votedown_up_x.png
data/art/intrface/lmenu_voteup_dn.png
data/art/intrface/lmenu_voteup_dn_x.png
data/art/intrface/lmenu_voteup_up.png
data/art/intrface/lmenu_voteup_up_x.png
data/art/intrface/login.png
data/art/intrface/login_singleplayer.png
data/art/intrface/log_dn.png
data/art/intrface/main_sprite.png
data/art/intrface/MAPMK2.png
data/art/intrface/men.png
data/art/intrface/men_f.png
data/art/intrface/men_x.png
data/art/intrface/MK2END.FRM
data/art/intrface/mk2_f.png
data/art/intrface/mk2_x.png
data/art/intrface/Mopbutton_f.png
data/art/intrface/moptbtn.png
data/art/intrface/mvepnt.frm
data/art/intrface/nameoff.frm
data/art/intrface/nameon.frm
data/art/intrface/none.png
data/art/intrface/none_f.png
data/art/intrface/novato.png
data/art/intrface/ofer.png
data/art/intrface/ok.png
data/art/intrface/ok1.png
data/art/intrface/ok1s.png
data/art/intrface/ok2.png
data/art/intrface/ok2s.png
data/art/intrface/okbig.png
data/art/intrface/optidn.png
data/art/intrface/options.png
data/art/intrface/options_f.png
data/art/intrface/options_singleplayer.png
data/art/intrface/options_x.png
data/art/intrface/opt_on.png
data/art/intrface/panel.png
data/art/intrface/panel1280.png
data/art/intrface/panel1280_f.png
data/art/intrface/panel1280_x.png
data/art/intrface/perk.png
data/art/intrface/perk_f.png
data/art/intrface/perk_x.png
data/art/intrface/Phoenix.png
data/art/intrface/pickup-high.png
data/art/intrface/pickup-high_f.png
data/art/intrface/pickup-high_x.png
data/art/intrface/pickup.png
data/art/intrface/PILGRIM.png
data/art/intrface/pip-high.png
data/art/intrface/pip-high_f.png
data/art/intrface/pip-high_x.png
data/art/intrface/pipboy-cancel_f.png
data/art/intrface/pipboy-cancel_x.png
data/art/intrface/PIPMK2.png
data/art/intrface/pip_f.png
data/art/intrface/pip_x.png
data/art/intrface/players3d_chareg.ini
data/art/intrface/players3d_headinv.ini
data/art/intrface/point1.png
data/art/intrface/point1_f.png
data/art/intrface/point1_x.png
data/art/intrface/point2.png
data/art/intrface/point2_f.png
data/art/intrface/point2_x.png
data/art/intrface/punch.FRM
data/art/intrface/purg_team1.png
data/art/intrface/purg_team2.png
data/art/intrface/purg_team3.png
data/art/intrface/purg_team4.png
data/art/intrface/Radar.fofrm
data/art/intrface/radio.png
data/art/intrface/radioSDK_f.png
data/art/intrface/radioSDK_x.png
data/art/intrface/radio_dial1.png
data/art/intrface/radio_dial2.png
data/art/intrface/radio_dial3.png
data/art/intrface/radio_dial4.png
data/art/intrface/radio_dial5.png
data/art/intrface/radio_off.png
data/art/intrface/reddot.png
data/art/intrface/reddotx_x.png
data/art/intrface/reddot_f.png
data/art/intrface/reddot_x.png
data/art/intrface/registr.png
data/art/intrface/registr_f.png
data/art/intrface/registr_x.png
data/art/intrface/reload.FRM
data/art/intrface/resolutions.lst
data/art/intrface/rightbutton_on.png
data/art/intrface/save_load.png
data/art/intrface/say button _f.png
data/art/intrface/say button _x.png
data/art/intrface/say button_f.png
data/art/intrface/say.png
data/art/intrface/sayb.png
data/art/intrface/saycancel.png
data/art/intrface/sayok.png
data/art/intrface/say_f.png
data/art/intrface/say_x.png
data/art/intrface/sburst.png
data/art/intrface/SCOPE8x6.png
data/art/intrface/scroll.PNG
data/art/intrface/scroll2.PNG
data/art/intrface/scrollbar.PNG
data/art/intrface/scrollbar2.PNG
data/art/intrface/sd.png
data/art/intrface/SDNARROW.FRM
data/art/intrface/sd_dn.png
data/art/intrface/sd_dn_f.png
data/art/intrface/sd_dn_x.png
data/art/intrface/sd_f.png
data/art/intrface/sd_na.png
data/art/intrface/sd_na_f.png
data/art/intrface/sd_na_x.png
data/art/intrface/sd_off.png
data/art/intrface/sd_off_f.png
data/art/intrface/sd_off_x.png
data/art/intrface/sd_x.png
data/art/intrface/select_frame.png
data/art/intrface/sexoff.frm
data/art/intrface/sexon.frm
data/art/intrface/single.FRM
data/art/intrface/skick.FRM
data/art/intrface/skill button2_f.png
data/art/intrface/skill button2_x.png
data/art/intrface/skill button_f.png
data/art/intrface/skill button_x.png
data/art/intrface/skill.png
data/art/intrface/skillpad.png
data/art/intrface/skillpad_f.png
data/art/intrface/skillpad_x.png
data/art/intrface/skill_x.png
data/art/intrface/SKLDXBOX.png
data/art/intrface/SKLDXBOX_f.png
data/art/intrface/SKLDXBOX_x.png
data/art/intrface/sl.png
data/art/intrface/sl_dn.png
data/art/intrface/smallbutton_on.png
data/art/intrface/snapkick.FRM
data/art/intrface/SoT_emblem.png
data/art/intrface/SPUNCH.FRM
data/art/intrface/sr.png
data/art/intrface/sr_dn.png
data/art/intrface/su.png
data/art/intrface/SUPARROW.FRM
data/art/intrface/su_dn.png
data/art/intrface/su_dn_f.png
data/art/intrface/su_dn_x.png
data/art/intrface/su_f.png
data/art/intrface/su_na.png
data/art/intrface/su_na_f.png
data/art/intrface/su_na_x.png
data/art/intrface/su_off.png
data/art/intrface/su_off_f.png
data/art/intrface/su_off_x.png
data/art/intrface/su_x.png
data/art/intrface/SWING.FRM
data/art/intrface/switch1_f.png
data/art/intrface/switch1_x.png
data/art/intrface/switch2_f.png
data/art/intrface/switch2_x.png
data/art/intrface/switch3_f.png
data/art/intrface/switch3_x.png
data/art/intrface/talk.png
data/art/intrface/talk_answ.png
data/art/intrface/talk_answ_f.png
data/art/intrface/talk_answ_x.png
data/art/intrface/TALK_f.png
data/art/intrface/talk_scr_dn.png
data/art/intrface/talk_scr_up.png
data/art/intrface/TALK_x.png
data/art/intrface/tall_f.png
data/art/intrface/tall_x.png
data/art/intrface/team.ini
data/art/intrface/team_cell.png
data/art/intrface/team_no.png
data/art/intrface/team_ok.png
data/art/intrface/team_tab.png
data/art/intrface/teslabutton_dwn.PNG
data/art/intrface/teslabutton_up.PNG
data/art/intrface/tesladisplay.PNG
data/art/intrface/tesladisplay_f.png
data/art/intrface/teslapanel.PNG
data/art/intrface/textbox.PNG
data/art/intrface/textinput.PNG
data/art/intrface/THROW.FRM
data/art/intrface/THRUST.FRM
data/art/intrface/timer.png
data/art/intrface/timer_f.png
data/art/intrface/timer_x.png
data/art/intrface/tinyblank_f.png
data/art/intrface/tinyblank_x.png
data/art/intrface/tinydot_f.png
data/art/intrface/tinydot_x.png
data/art/intrface/title.PNG
data/art/intrface/townp.png
data/art/intrface/town_view.png
data/art/intrface/town_view_dn.png
data/art/intrface/town_view_dn_f.png
data/art/intrface/town_view_dn_x.png
data/art/intrface/town_view_gm.png
data/art/intrface/town_view_gm_dn.png
data/art/intrface/town_view_gm_dn_f.png
data/art/intrface/town_view_gm_dn_x.png
data/art/intrface/town_view_gm_f.png
data/art/intrface/town_view_gm_x.png
data/art/intrface/tvmainopt_f.png
data/art/intrface/twn_farm.jpg
data/art/intrface/twn_geck.png
data/art/intrface/twn_sacramento.png
data/art/intrface/UpArrow_dwn.PNG
data/art/intrface/UpArrow_dwn1.PNG
data/art/intrface/UpArrow_up.PNG
data/art/intrface/UpArrow_up1.PNG
data/art/intrface/use-high.png
data/art/intrface/use-high_f.png
data/art/intrface/use-high_x.png
data/art/intrface/useon.FRM
data/art/intrface/uset.FRM
data/art/intrface/waste.png
data/art/intrface/Whitethorn.png
data/art/intrface/WM_BG.png
data/art/intrface/wm_blanktab.png
data/art/intrface/wm_cathedral.frm
data/art/intrface/wm_cr_npc.png
data/art/intrface/wm_cr_offl.png
data/art/intrface/wm_cr_onl.png
data/art/intrface/WM_GECK.png
data/art/intrface/WM_HELL.png
data/art/intrface/wm_iface1024x600.png
data/art/intrface/wm_iface1024x600_f.png
data/art/intrface/wm_iface1024x600_x.png
data/art/intrface/wm_iface1024x768.png
data/art/intrface/wm_iface1024x768_f.png
data/art/intrface/wm_iface1024x768_x.png
data/art/intrface/wm_iface1280x1024.png
data/art/intrface/wm_iface1280x1024_f.png
data/art/intrface/wm_iface1280x1024_x.png
data/art/intrface/wm_iface1280x720.png
data/art/intrface/wm_iface1280x720_f.png
data/art/intrface/wm_iface1280x720_x.png
data/art/intrface/wm_iface1280x800.png
data/art/intrface/wm_iface1280x800_f.png
data/art/intrface/wm_iface1280x800_x.png
data/art/intrface/wm_iface1280x960.png
data/art/intrface/wm_iface1280x960_f.png
data/art/intrface/wm_iface1280x960_x.png
data/art/intrface/wm_iface1366x768.png
data/art/intrface/wm_iface1366x768_f.png
data/art/intrface/wm_iface1366x768_x.png
data/art/intrface/wm_iface1440x900.png
data/art/intrface/wm_iface1440x900_f.png
data/art/intrface/wm_iface1440x900_x.png
data/art/intrface/wm_iface1680x1050.png
data/art/intrface/wm_iface1680x1050_f.png
data/art/intrface/wm_iface1680x1050_x.png
data/art/intrface/wm_iface1920x1080.png
data/art/intrface/wm_iface1920x1080_f.png
data/art/intrface/wm_iface1920x1080_x.png
data/art/intrface/wm_iface800x600.png
data/art/intrface/wm_iface800x600_f.png
data/art/intrface/wm_iface800x600_x.png
data/art/intrface/WM_NOVATO.PNG
data/art/intrface/WM_PHOENIX.png
data/art/intrface/WM_PILGRIM.png
data/art/intrface/wm_tab.png
data/art/intrface/WM_WHITETHORN.png
data/art/intrface/WM_WRHS.png
data/art/intrface/women.png
data/art/intrface/women_f.png
data/art/intrface/women_x.png
data/art/intrface/wp1024 600_f.png
data/art/intrface/wp1024 600_x.jpg
data/art/intrface/wp1024 768_f.png
data/art/intrface/wp1024 768_x.jpg
data/art/intrface/wp1280 1024_f.png
data/art/intrface/wp1280 1024_x.jpg
data/art/intrface/wp1280 800_f.png
data/art/intrface/wp1280 800_x.jpg
data/art/intrface/wp1280 960_f.png
data/art/intrface/wp1280 960_x.jpg
data/art/intrface/wp1366_f.png
data/art/intrface/wp1366_x.jpg
data/art/intrface/wp1440_f.png
data/art/intrface/wp1440_x.jpg
data/art/intrface/wp1680_f.png
data/art/intrface/wp1680_x.jpg
data/art/intrface/wp800_f.png
data/art/intrface/wp800_x.jpg
data/art/intrface/wp_f.png
data/art/intrface/wp_x.jpg
data/art/intrface/wp_x.png
data/art/intrface/yellowdot big.png
data/art/intrface/yellowdot big_f.png
data/art/intrface/yellowdot big_x.png
data/art/intrface/yellowdot.png
data/art/intrface/yellowdot_f.png
data/art/intrface/yellowdot_x.png
data/art/intrface/Zerg_emblem.png
data/art/intrface/НГК_emblem.png
data/art/inven/10mm_fire.png
data/art/inven/14mm_fire.png
data/art/inven/40mmGrenadeFire.png
data/art/inven/45cal_fire.png
data/art/inven/FLAREON.FRM
data/art/inven/FragShells.png
data/art/inven/gren_fire.png
data/art/inven/lmine_fire.png
data/art/inven/rocket_fire.png
data/art/inven/telebeacon.png
data/art/items/FFGEN05.FRM
data/art/items/FFGEN06.FRM
data/art/items/FFGEN09.FRM
data/art/items/FFGEN10.FRM
data/art/items/telebeacon.png
data/art/items/Vertiwar.png
data/art/misc/flame/flame.fofrm
data/art/misc/flame/flame1.png
data/art/misc/flame/flame2.png
data/art/misc/flame/flame3.png
data/art/misc/flame/flame4.png
data/art/misc/egg.png
data/art/misc/snowflake.png
data/art/misc/snowflake2.png
data/art/scenery/ctree1.png
data/art/scenery/ctree2.png
data/art/skilldex/BUSTER.FRM
data/art/skilldex/COMBAT_EVASION.png
data/art/skilldex/KOGEVNIK.png
data/art/skilldex/pbear.png
data/art/skilldex/REANIMATOR.FRM
data/art/skilldex/REGROUPING.png
data/art/skilldex/TRAPPER.png
data/art/skilldex/ZVEROLOV.png
data/art/splash/room.jpg
data/effects/2D_BlackWhite.fx
data/effects/2D_BlackWhite_ext.fx
data/effects/2D_BlackWhite_ext.glsl
data/effects/2D_Contrast.fx
data/effects/2D_Contrast.glsl
data/effects/2D_Default.fx
data/effects/2D_Default.glsl
data/effects/2D_Red.fx
data/effects/2D_Red.glsl
data/effects/2D_WithoutEgg.glsl
data/effects/3D_Default.fx
data/effects/3D_NormalMapping.fx
data/effects/3D_Simple.glsl
data/effects/3D_Skinned.glsl
data/effects/alpha.glsl
data/effects/BlackAndWhite.glsl
data/effects/colorize.glsl
data/effects/Contour_Default.glsl
data/effects/Flush_Map.glsl
data/effects/Flush_Map_BlackWhite.glsl
data/effects/Flush_Primitive.glsl
data/effects/Flush_RenderTarget.glsl
data/effects/Flush_RenderTargetMS.glsl
data/effects/Font_Default.fx
data/effects/Font_Default.glsl
data/effects/Ghost.glsl
data/effects/Hologram.glsl
data/effects/Ice.glsl
data/effects/Ice2.glsl
data/effects/Interface_Default.fx
data/effects/Interface_Default.glsl
data/effects/invert.glsl
data/effects/IOStructures.inc
data/effects/NightVisor.fx
data/effects/NightVisor.glsl
data/effects/Primitive_Default.fx
data/effects/Primitive_Default.glsl
data/effects/Primitive_Light.glsl
data/effects/recolor.glsl
data/effects/TermoVisor.fx
data/effects/TermoVisor.glsl
data/effects/test.glsl
data/effects/VisorBack.fx
data/effects/VisorBack.glsl
data/fonts/Default_Interface/BigNumbers.fofnt
data/fonts/Default_Interface/BigNumbers.png
data/fonts/Default_Interface/Numbers.fofnt
data/fonts/Default_Interface/Numbers.png
data/fonts/Default_Interface/Special.fofnt
data/fonts/Default_Interface/Special.png
data/fonts/Pure_Evil_Interface/BigNumbers.fofnt
data/fonts/Pure_Evil_Interface/BigNumbers.png
data/fonts/Pure_Evil_Interface/Numbers.fofnt
data/fonts/Pure_Evil_Interface/Numbers.png
data/fonts/Pure_Evil_Interface/Special.fofnt
data/fonts/Pure_Evil_Interface/Special.png
data/fonts/Big.fofnt
data/fonts/Big.png
data/fonts/BigNumbers.fofnt
data/fonts/BigNumbers.png
data/fonts/CourierNewSmall.bmfc
data/fonts/CourierNewSmall.fnt
data/fonts/CourierNewSmall_0.png
data/fonts/Default.fofnt
data/fonts/Default.png
data/fonts/Fallout.fofnt
data/fonts/Fat.fofnt
data/fonts/Fat.png
data/fonts/Numbers.fofnt
data/fonts/Numbers.png
data/fonts/OldDefault.fofnt
data/fonts/OldDefault.png
data/fonts/SandNumbers.fofnt
data/fonts/SandNumbers.png
data/fonts/Special.fofnt
data/fonts/Special.png
data/fonts/Thin.fofnt
data/fonts/Thin.png
data/maps/wmdef.msk
data/sound/music/02.Introduction.ogg
data/sound/music/09.Radiationless.ogg
data/sound/music/ccboogie.ogg
data/sound/music/HelloDolly.ogg
data/sound/music/Maybe.ogg
data/sound/music/ppmamma.ogg
data/sound/music/SOTRainbow.ogg
data/sound/sfx/3dFemaleA1.acm
data/sound/sfx/3dFemaleA42.acm
data/sound/sfx/3dFemaleA43.acm
data/sound/sfx/3dFemaleB1.acm
data/sound/sfx/3dFemaleB24.acm
data/sound/sfx/3dFemaleB26.acm
data/sound/sfx/3dFemaleB28.acm
data/sound/sfx/3dFemaleB29.acm
data/sound/sfx/3dFemaleB3.acm
data/sound/sfx/3dFemaleB30.acm
data/sound/sfx/3dFemaleB40.acm
data/sound/sfx/3dFemaleB8.acm
data/sound/sfx/3dFemaleC29.acm
data/sound/sfx/3dFemaleD40.acm
data/sound/sfx/3dFemaleE40.acm
data/sound/sfx/3dFemaleE8.acm
data/sound/sfx/3dFemaleF40.acm
data/sound/sfx/3dFemaleG40.acm
data/sound/sfx/3dFemaleH40.acm
data/sound/sfx/3dFemaleH8.acm
data/sound/sfx/3dFemaleI40.acm
data/sound/sfx/3dFemaleJ40.acm
data/sound/sfx/3dFemaleK40.acm
data/sound/sfx/3dFemaleL40.acm
data/sound/sfx/3dFemaleM1.acm
data/sound/sfx/3dFemaleM40.acm
data/sound/sfx/3dFemaleY1.acm
data/sound/sfx/3dFemaleY3.acm
data/sound/sfx/3dFemaleZ1.acm
data/sound/sfx/3dFemaleZ3.acm
data/sound/sfx/3dMaleA1.acm
data/sound/sfx/3dMaleA18.acm
data/sound/sfx/3dMaleA21.acm
data/sound/sfx/3dMaleA40.acm
data/sound/sfx/3dMaleA42.acm
data/sound/sfx/3dMaleA43.acm
data/sound/sfx/3dMaleB1.acm
data/sound/sfx/3dMaleB24.acm
data/sound/sfx/3dMaleB26.acm
data/sound/sfx/3dMaleB28.acm
data/sound/sfx/3dMaleB29.acm
data/sound/sfx/3dMaleB3.acm
data/sound/sfx/3dMaleB30.acm
data/sound/sfx/3dMaleB33.acm
data/sound/sfx/3dMaleB40.acm
data/sound/sfx/3dMaleB8.acm
data/sound/sfx/3dMaleC29.acm
data/sound/sfx/3dMaleD1.acm
data/sound/sfx/3dMaleD40.acm
data/sound/sfx/3dMaleD7.acm
data/sound/sfx/3dMaleD8.acm
data/sound/sfx/3dMaleE1.acm
data/sound/sfx/3dMaleE40.acm
data/sound/sfx/3dMaleE7.acm
data/sound/sfx/3dMaleE8.acm
data/sound/sfx/3dMaleF1.acm
data/sound/sfx/3dMaleF40.acm
data/sound/sfx/3dMaleF7.acm
data/sound/sfx/3dMaleF8.acm
data/sound/sfx/3dMaleG1.acm
data/sound/sfx/3dMaleG40.acm
data/sound/sfx/3dMaleG7.acm
data/sound/sfx/3dMaleG8.acm
data/sound/sfx/3dMaleH1.acm
data/sound/sfx/3dMaleH40.acm
data/sound/sfx/3dMaleH7.acm
data/sound/sfx/3dMaleH8.acm
data/sound/sfx/3dMaleI1.acm
data/sound/sfx/3dMaleI40.acm
data/sound/sfx/3dMaleI7.acm
data/sound/sfx/3dMaleI8.acm
data/sound/sfx/3dMaleJ1.acm
data/sound/sfx/3dMaleJ40.acm
data/sound/sfx/3dMaleJ7.acm
data/sound/sfx/3dMaleJ8.acm
data/sound/sfx/3dMaleK1.acm
data/sound/sfx/3dMaleK40.acm
data/sound/sfx/3dMaleK7.acm
data/sound/sfx/3dMaleK8.acm
data/sound/sfx/3dMaleL40.acm
data/sound/sfx/3dMaleL7.acm
data/sound/sfx/3dMaleL8.acm
data/sound/sfx/3dMaleM1.acm
data/sound/sfx/3dMaleM40.acm
data/sound/sfx/3dMaleM7.acm
data/sound/sfx/3dMaleM8.acm
data/sound/sfx/3dMaleY1.acm
data/sound/sfx/3dMaleY3.acm
data/sound/sfx/3dMaleZ1.acm
data/sound/sfx/3dMaleZ18.acm
data/sound/sfx/3dMaleZ21.acm
data/sound/sfx/3dMaleZ3.acm
data/sound/sfx/AIRSIREN.OGG
data/sound/sfx/blip.wav
data/sound/sfx/button.wav
data/sound/sfx/carbreaks.ogg
data/sound/sfx/DeadBack.ogg
data/sound/sfx/gas.wav
data/sound/sfx/GenericF_ClubDodge.wav
data/sound/sfx/GenericF_DamageBack.wav
data/sound/sfx/GenericF_DamageFront.wav
data/sound/sfx/GenericF_DeadBack.wav
data/sound/sfx/GenericF_DeadBloodyBurst.wav
data/sound/sfx/GenericF_DeadBloodySingle.wav
data/sound/sfx/GenericF_DeadBurn.wav
data/sound/sfx/GenericF_DeadBurst.wav
data/sound/sfx/GenericF_DeadFront.wav
data/sound/sfx/GenericF_DeadFused.wav
data/sound/sfx/GenericF_DeadLaser.wav
data/sound/sfx/GenericF_DeadPulse.wav
data/sound/sfx/GenericF_DeadPulseDust.wav
data/sound/sfx/GenericF_Dodge.wav
data/sound/sfx/GenericF_HammerDodge.wav
data/sound/sfx/GenericF_HeavyRifleDodge.wav
data/sound/sfx/GenericF_KnifeDodge.wav
data/sound/sfx/GenericF_KnockBack.wav
data/sound/sfx/GenericF_KnockFront.wav
data/sound/sfx/GenericF_MinigunDodge.wav
data/sound/sfx/GenericF_PistolDodge.wav
data/sound/sfx/GenericF_PistolHideWeapon.wav
data/sound/sfx/GenericF_RocketLauncherDodge.wav
data/sound/sfx/GenericF_RocketLauncherFidget.wav
data/sound/sfx/GenericF_ShootgunDodge.wav
data/sound/sfx/GenericF_SMGDodge.wav
data/sound/sfx/GenericF_SpearDodge.wav
data/sound/sfx/GenericF_Standup.wav
data/sound/sfx/GenericF_UnarmedFidget.wav
data/sound/sfx/GenericM_ClubDodge.wav
data/sound/sfx/GenericM_DamageBack.wav
data/sound/sfx/GenericM_DamageFront.wav
data/sound/sfx/GenericM_DeadBack.wav
data/sound/sfx/GenericM_DeadBloodyBurst.wav
data/sound/sfx/GenericM_DeadBloodySingle.wav
data/sound/sfx/GenericM_DeadBurn.wav
data/sound/sfx/GenericM_DeadBurst.wav
data/sound/sfx/GenericM_DeadExplode.wav
data/sound/sfx/GenericM_DeadFront.wav
data/sound/sfx/GenericM_DeadFused.wav
data/sound/sfx/GenericM_DeadLaser.wav
data/sound/sfx/GenericM_DeadPulse.wav
data/sound/sfx/GenericM_DeadPulseDust.wav
data/sound/sfx/GenericM_Dodge.wav
data/sound/sfx/GenericM_HammerDodge.wav
data/sound/sfx/GenericM_HeavyRifleDodge.wav
data/sound/sfx/GenericM_KnifeDodge.wav
data/sound/sfx/GenericM_KnockBack.wav
data/sound/sfx/GenericM_KnockFront.wav
data/sound/sfx/GenericM_MinigunDodge.wav
data/sound/sfx/GenericM_PistolDodge.wav
data/sound/sfx/GenericM_PistolHideWeapon.wav
data/sound/sfx/GenericM_RocketLauncherDodge.wav
data/sound/sfx/GenericM_RocketLauncherFidget.wav
data/sound/sfx/GenericM_ShootgunDodge.wav
data/sound/sfx/GenericM_SMGDodge.wav
data/sound/sfx/GenericM_SpearDodge.wav
data/sound/sfx/GenericM_Standup.wav
data/sound/sfx/GenericM_UnarmedFidget.wav
data/sound/sfx/GenericU_ClubFidget.wav
data/sound/sfx/GenericU_ClubHideWeapon.wav
data/sound/sfx/GenericU_ClubShowWeapon.wav
data/sound/sfx/GenericU_DeadBurnRun.wav
data/sound/sfx/GenericU_HammerFidget.wav
data/sound/sfx/GenericU_HammerHideWeapon.wav
data/sound/sfx/GenericU_HammerShowWeapon.wav
data/sound/sfx/GenericU_HeavyRifleFidget.wav
data/sound/sfx/GenericU_HeavyRifleHideWeapon.wav
data/sound/sfx/GenericU_HeavyRifleShowWeapon.wav
data/sound/sfx/GenericU_KnifeFidget.wav
data/sound/sfx/GenericU_KnifeHideWeapon.wav
data/sound/sfx/GenericU_KnifeShowWeapon.wav
data/sound/sfx/GenericU_MinigunHideWeapon.wav
data/sound/sfx/GenericU_MinigunShowWeapon.wav
data/sound/sfx/GenericU_PistolFidget.wav
data/sound/sfx/GenericU_PistolShowWeapon.wav
data/sound/sfx/GenericU_RocketLauncherHideWeapon.wav
data/sound/sfx/GenericU_RocketLauncherShowWeapon.wav
data/sound/sfx/GenericU_ShootgunFidget.wav
data/sound/sfx/GenericU_ShootgunHideWeapon.wav
data/sound/sfx/GenericU_ShootgunShowWeapon.wav
data/sound/sfx/GenericU_SMGFidget.wav
data/sound/sfx/GenericU_SMGHideWeapon.wav
data/sound/sfx/GenericU_SMGShowWeapon.wav
data/sound/sfx/GenericU_SpearFidget.wav
data/sound/sfx/GenericU_SpearHideWeapon.wav
data/sound/sfx/GenericU_SpearShowWeapon.wav
data/sound/sfx/GenericU_UnarmedKickHi.wav
data/sound/sfx/GenericU_UnarmedPunchRight.wav
data/sound/sfx/heartbeat.ogg
data/sound/sfx/heli.ogg
data/sound/sfx/MAMRLKAL.ACM
data/sound/sfx/MAMRLKAN.ACM
data/sound/sfx/MAMRLKAO.ACM
data/sound/sfx/MAMRLKAP.acm
data/sound/sfx/MAMRLKAQ.acm
data/sound/sfx/MAMRLKAR.ACM
data/sound/sfx/MAMRLKBA.acm
data/sound/sfx/MAMRLKBB.acm
data/sound/sfx/RHumanoidU_DamageBack.WAV
data/sound/sfx/RHumanoidU_DamageFront.WAV
data/sound/sfx/RHumanoidU_DeadBack.WAV
data/sound/sfx/RHumanoidU_DeadBurst.WAV
data/sound/sfx/RHumanoidU_DeadFront.WAV
data/sound/sfx/RHumanoidU_DodgeBack.WAV
data/sound/sfx/RHumanoidU_DodgeFront.WAV
data/sound/sfx/RHumanoidU_Fidget.WAV
data/sound/sfx/RHumanoidU_Idle.WAV
data/sound/sfx/RHumanoidU_KickHi.WAV
data/sound/sfx/RHumanoidU_KickLo.WAV
data/sound/sfx/RHumanoidU_KnockBack.WAV
data/sound/sfx/RHumanoidU_KnockFront.WAV
data/sound/sfx/RHumanoidU_Pickup.WAV
data/sound/sfx/RHumanoidU_PunchLeft.WAV
data/sound/sfx/RHumanoidU_PunchRight.WAV
data/sound/sfx/RHumanoidU_Run.WAV
data/sound/sfx/RHumanoidU_StadupBack.WAV
data/sound/sfx/RHumanoidU_StandupFront.WAV
data/sound/sfx/RHumanoidU_SwitchItems.WAV
data/sound/sfx/RHumanoidU_Walk.WAV
data/sound/sfx/VbBeetleA1.wav
data/sound/sfx/VbBeetleA18.wav
data/sound/sfx/VbBeetleA21.wav
data/sound/sfx/VbBeetleA42.wav
data/sound/sfx/VbBeetleA43.wav
data/sound/sfx/VbBeetleA52.wav
data/sound/sfx/VbBeetleA53.wav
data/sound/sfx/VbBeetleA66.wav
data/sound/sfx/VbBeetleA67.wav
data/sound/sfx/VbBeetleI_DamageBack.wav
data/sound/sfx/VbBeetleI_DamageFront.wav
data/sound/sfx/VbBeetleI_DeadProneBack.wav
data/sound/sfx/VbBeetleI_DeadProneFront.wav
data/sound/sfx/VbBeetleI_Fidget.wav
data/sound/sfx/VbBeetleI_KickHi.wav
data/sound/sfx/VbBeetleI_KnockBack.wav
data/sound/sfx/VbBeetleI_KnockFront.wav
data/sound/sfx/VbBeetleI_PunchRight.wav
data/sound/sfx/VbWaspGiantA1.wav
data/sound/sfx/VbWaspGiantA13.wav
data/sound/sfx/VbWaspGiantA18.wav
data/sound/sfx/VbWaspGiantA2.wav
data/sound/sfx/VbWaspGiantA21.wav
data/sound/sfx/VbWaspGiantA40.wav
data/sound/sfx/VbWaspGiantA42.wav
data/sound/sfx/VbWaspGiantA44.wav
data/sound/sfx/VbWaspGiantA52.wav
data/sound/sfx/VbWaspGiantA53.wav
data/sound/sfx/VbWaspGiantA58.wav
data/sound/sfx/VbWaspGiantA59.wav
data/sound/sfx/VbWaspGiantA66.wav
data/sound/sfx/VbWaspGiantA67.wav
data/sound/sfx/VbWaspGiantA70.wav
data/sound/sfx/VbWaspGiantI_Damage.wav
data/sound/sfx/VbWaspGiantI_DeadBloodySingle.wav
data/sound/sfx/VbWaspGiantI_DeadProneBack.wav
data/sound/sfx/VbWaspGiantI_DeadProneFront.wav
data/sound/sfx/VbWaspGiantI_Dodge.wav
data/sound/sfx/VbWaspGiantI_Fidget.wav
data/sound/sfx/VbWaspGiantI_IdleStunned.wav
data/sound/sfx/VbWaspGiantI_KickHi.wav
data/sound/sfx/VbWaspGiantI_KnockBack.wav
data/sound/sfx/VbWaspGiantI_KnockFront.wav
data/sound/sfx/VbWaspGiantI_PunchRight.wav
data/sound/sfx/VbWaspGiantI_Standup.wav
data/sound/sfx/VbWaspGiantI_Use.wav
data/sound/sfx/WAL2XXX1.acm
data/sound/sfx/WAL2XXX2.acm
data/sound/sfx/__sound.lst
data/textures/BacJacketEmblem1_biohazard_LG.tga
data/textures/BacJacketEmblem1_eagle_LG.tga
data/textures/BacJacketEmblem1_skull_LG.tga
data/textures/BacLeatherOutfit_biohazard_LG.tga
data/textures/BacLeatherOutfit_default_LG.tga
data/textures/BacLeatherOutfit_dragon_LG.tga
data/textures/BacLeatherOutfit_eagle_LG.tga
data/textures/BacPaLg01_default_LG.tga
data/textures/BacPaSm01_default_LG.tga
data/textures/BacPrisonnumber114_default_LG.tga
data/textures/BacPrisonSuit_02_LG.tga
data/textures/BacPrisonSuit_03_LG.tga
data/textures/BacPrisonSuit_04_LG.tga
data/textures/BacPrisonSuit_05_LG.tga
data/textures/BacPrisonSuit_06_LG.tga
data/textures/BacPrisonSuit_07_LG.tga
data/textures/BacPrisonSuit_08_LG.tga
data/textures/BacPrisonSuit_09_LG.tga
data/textures/BacPrisonSuit_10_LG.tga
data/textures/BacPrisonSuit_11_LG.tga
data/textures/BacPrisonSuit_12_LG.tga
data/textures/BacPrisonSuit_13_LG.tga
data/textures/BacPrisonSuit_14_LG.tga
data/textures/BacPrisonSuit_15_LG.tga
data/textures/BacPrisonSuit_16_LG.tga
data/textures/BacPrisonSuit_17_LG.tga
data/textures/BacPrisonSuit_18_LG.tga
data/textures/BacPrisonSuit_19_LG.tga
data/textures/BacPrisonSuit_20_LG.tga
data/textures/BacPrisonSuit_21_LG.tga
data/textures/BacPrisonSuit_22_LG.tga
data/textures/BacPrisonSuit_23_LG.tga
data/textures/BacPrisonSuit_24_LG.tga
data/textures/BacPrisonSuit_default_LG.tga
data/textures/BacVaultSuit_26_LG.tga
data/textures/BacVaultSuit_29_LG.tga
data/textures/BacVaultSuit_Default_LG.tga
data/textures/base02bc.tga
data/textures/bastbc.tga
data/textures/BeaAmish_blackGrey_LG.tga
data/textures/BeaAmish_black_LG.tga
data/textures/BeaAmish_blondeGrey_LG.tga
data/textures/BeaAmish_blonde_LG.tga
data/textures/BeaAmish_brownGrey_LG.tga
data/textures/BeaAmish_default_LG.tga
data/textures/BeaAmish_redGrey_LG.tga
data/textures/BeaAmish_red_LG.tga
data/textures/BeaAmish_whiteGrey_LG.tga
data/textures/BeaAmish_white_LG.tga
data/textures/BeaFull_blackGrey_LG.tga
data/textures/BeaFull_black_LG.tga
data/textures/BeaFull_blondeGrey_LG.tga
data/textures/BeaFull_blonde_LG.tga
data/textures/BeaFull_brownGrey_LG.tga
data/textures/BeaFull_default_LG.tga
data/textures/BeaFull_redGrey_LG.tga
data/textures/BeaFull_red_LG.tga
data/textures/BeaFull_whiteGrey_LG.tga
data/textures/BeaFull_white_LG.tga
data/textures/BeaFuManchu_blackGrey_LG.tga
data/textures/BeaFuManchu_black_LG.tga
data/textures/BeaFuManchu_blondeGrey_LG.tga
data/textures/BeaFuManchu_blonde_LG.tga
data/textures/BeaFuManchu_brownGrey_LG.tga
data/textures/BeaFuManchu_default_LG.tga
data/textures/BeaFuManchu_redGrey_LG.tga
data/textures/BeaFuManchu_red_LG.tga
data/textures/BeaFuManchu_whiteGrey_LG.tga
data/textures/BeaFuManchu_white_LG.tga
data/textures/BeaGoatee_blackGrey_LG.tga
data/textures/BeaGoatee_black_LG.tga
data/textures/BeaGoatee_blondeGrey_LG.tga
data/textures/BeaGoatee_blonde_LG.tga
data/textures/BeaGoatee_brownGrey_LG.tga
data/textures/BeaGoatee_default_LG.tga
data/textures/BeaGoatee_redGrey_LG.tga
data/textures/BeaGoatee_red_LG.tga
data/textures/BeaGoatee_whiteGrey_LG.tga
data/textures/BeaGoatee_white_LG.tga
data/textures/BeaGuvner_blackGrey_LG.tga
data/textures/BeaGuvner_black_LG.tga
data/textures/BeaGuvner_blondeGrey_LG.tga
data/textures/BeaGuvner_blonde_LG.tga
data/textures/BeaGuvner_brownGrey_LG.tga
data/textures/BeaGuvner_default_LG.tga
data/textures/BeaGuvner_redGrey_LG.tga
data/textures/BeaGuvner_red_LG.tga
data/textures/BeaGuvner_whiteGrey_LG.tga
data/textures/BeaGuvner_white_LG.tga
data/textures/BeaHermit_blackGrey_LG.tga
data/textures/BeaHermit_black_LG.tga
data/textures/BeaHermit_blondeGrey_LG.tga
data/textures/BeaHermit_blonde_LG.tga
data/textures/BeaHermit_brownGrey_LG.tga
data/textures/BeaHermit_default_LG.tga
data/textures/BeaHermit_redGrey_LG.tga
data/textures/BeaHermit_red_LG.tga
data/textures/BeaHermit_whiteGrey_LG.tga
data/textures/BeaHermit_white_LG.tga
data/textures/BeaStubble_blackGrey_LG.tga
data/textures/BeaStubble_black_LG.tga
data/textures/BeaStubble_blondeGrey_LG.tga
data/textures/BeaStubble_blonde_LG.tga
data/textures/BeaStubble_brownGrey_LG.tga
data/textures/BeaStubble_default_LG.tga
data/textures/BeaStubble_redGrey_LG.tga
data/textures/BeaStubble_red_LG.tga
data/textures/BeaStubble_whiteGrey_LG.tga
data/textures/BeaStubble_white_LG.tga
data/textures/BodCombatArmorF_default_LG.tga
data/textures/BodCombatArmor_default_LG.tga
data/textures/BodLeatherJacket_default_LG.tga
data/textures/BodLeatherOutfit_default_LG.tga
data/textures/BodLeathersuit_default_LG.tga
data/textures/BodPowerArmor_Default_LG.tga
data/textures/BodPrisonSuitF_default_LG.tga
data/textures/BodPrisonSuit_default_LG.tga
data/textures/BodVaultsuitF_default_LG.tga
data/textures/BodVaultsuit_default_LG.tga
data/textures/CR_AntQue_default_LG.tga
data/textures/CR_Ant_default_LG.tga
data/textures/CR_Badger_Default_LG.tga
data/textures/CR_Bat_Default_LG.tga
data/textures/CR_BeaBro_Default_LG.tga
data/textures/CR_Beetle_Default_LG.tga
data/textures/CR_Centipede_Blue_LG.tga
data/textures/CR_Centipede_default_LG.tga
data/textures/CR_Centipede_Green_LG.tga
data/textures/CR_Centipede_Red_LG.tga
data/textures/CR_Cougar_default_LG.tga
data/textures/CR_Cow_default_LG.tga
data/textures/CR_Deaclaw_default.tga
data/textures/CR_DesertStalker_Default_LG.tga
data/textures/CR_Dog2_Default.tga
data/textures/CR_FloatingEyebot_default_LG.tga
data/textures/CR_GilaMon_Default_LG.tga
data/textures/CR_ManTrap_Default_LG.tga
data/textures/CR_Monsta_default_LG.tga
data/textures/CR_RadToad_default_LG.tga
data/textures/CR_Rat_Default_LG.tga
data/textures/CR_Sheep_default_LG.tga
data/textures/CR_Skeleton_default_LG.tga
data/textures/CR_ThoSlinger_Default_LG.tga
data/textures/CR_WaspGia_Default.tga
data/textures/CR_Weedling_Default_LG.tga
data/textures/CR_Wolf_default_LG.tga
data/textures/CR_Zombie_default_LG.tga
data/textures/EyeAuthorities_default_LG.tga
data/textures/EyeLaser_default_LG.tga
data/textures/EyePatch_default_LG.tga
data/textures/EyeSpectacles_default_LG.tga
data/textures/Eye_Patch_default_LG.tga
data/textures/Eye_Spectacles_default_LG.tga
data/textures/FeeCombatArmor_default_LG.tga
data/textures/FeeLeatherOutfit_default_LG.tga
data/textures/FeeLeatherShoes_default_LG.tga
data/textures/FeePowerArmor_default_LG.tga
data/textures/FeePrisonShoes_default_LG.tga
data/textures/FeePrisonSuit_default_LG.tga
data/textures/FeeVaultsuit_default_LG.tga
data/textures/GD_ammo.tga
data/textures/GD_Armor.tga
data/textures/GD_Items.tga
data/textures/HaiAfroF_blackGrey_LG.tga
data/textures/HaiAfroF_black_LG.tga
data/textures/HaiAfroF_blondeGrey_LG.tga
data/textures/HaiAfroF_blonde_LG.tga
data/textures/HaiAfroF_brownGrey_LG.tga
data/textures/HaiAfroF_default_LG.tga
data/textures/HaiAfroF_redGrey_LG.tga
data/textures/HaiAfroF_red_LG.tga
data/textures/HaiAfroF_whiteGrey_LG.tga
data/textures/HaiAfroF_white_LG.tga
data/textures/HaiAfro_blackGrey_LG.tga
data/textures/HaiAfro_black_LG.tga
data/textures/HaiAfro_blondeGrey_LG.tga
data/textures/HaiAfro_blonde_LG.tga
data/textures/HaiAfro_brownGrey_LG.tga
data/textures/HaiAfro_default_LG.tga
data/textures/HaiAfro_redGrey_LG.tga
data/textures/HaiAfro_red_LG.tga
data/textures/HaiAfro_whiteGrey_LG.tga
data/textures/HaiAfro_white_LG.tga
data/textures/HaiBald_blackGrey_LG.tga
data/textures/HaiBald_black_LG.tga
data/textures/HaiBald_blondeGrey_LG.tga
data/textures/HaiBald_blonde_LG.tga
data/textures/HaiBald_brownGrey_LG.tga
data/textures/HaiBald_default_LG.tga
data/textures/HaiBald_redGrey_LG.tga
data/textures/HaiBald_red_LG.tga
data/textures/HaiBald_whiteGrey_LG.tga
data/textures/HaiBald_white_LG.tga
data/textures/HaiBeehive_blackGrey_LG.tga
data/textures/HaiBeehive_black_LG.tga
data/textures/HaiBeehive_blondeGrey_LG.tga
data/textures/HaiBeehive_blonde_LG.tga
data/textures/HaiBeehive_brownGrey_LG.tga
data/textures/HaiBeehive_default_LG.tga
data/textures/HaiBeehive_redGrey_LG.tga
data/textures/HaiBeehive_red_LG.tga
data/textures/HaiBeehive_whiteGrey_LG.tga
data/textures/HaiBeehive_white_LG.tga
data/textures/HaiBettyPage_blackGrey_LG.tga
data/textures/HaiBettyPage_black_LG.tga
data/textures/HaiBettyPage_blondeGrey_LG.tga
data/textures/HaiBettyPage_blonde_LG.tga
data/textures/HaiBettyPage_brownGrey_LG.tga
data/textures/HaiBettyPage_default_LG.tga
data/textures/HaiBettyPage_redGrey_LG.tga
data/textures/HaiBettyPage_red_LG.tga
data/textures/HaiBettyPage_whiteGrey_LG.tga
data/textures/HaiBettyPage_white_LG.tga
data/textures/HaiBob_blackGrey_LG.tga
data/textures/HaiBob_black_LG.tga
data/textures/HaiBob_blondeGrey_LG.tga
data/textures/HaiBob_blonde_LG.tga
data/textures/HaiBob_brownGrey_LG.tga
data/textures/HaiBob_default_LG.tga
data/textures/HaiBob_redGrey_LG.tga
data/textures/HaiBob_red_LG.tga
data/textures/HaiBob_whiteGrey_LG.tga
data/textures/HaiBob_white_LG.tga
data/textures/HaiBowl_blackGrey_LG.tga
data/textures/HaiBowl_black_LG.tga
data/textures/HaiBowl_blondeGrey_LG.tga
data/textures/HaiBowl_blonde_LG.tga
data/textures/HaiBowl_brownGrey_LG.tga
data/textures/HaiBowl_default_LG.tga
data/textures/HaiBowl_redGrey_LG.tga
data/textures/HaiBowl_red_LG.tga
data/textures/HaiBowl_whiteGrey_LG.tga
data/textures/HaiBowl_white_LG.tga
data/textures/HaiBun_blackGrey_LG.tga
data/textures/HaiBun_black_LG.tga
data/textures/HaiBun_blondeGrey_LG.tga
data/textures/HaiBun_blonde_LG.tga
data/textures/HaiBun_brownGrey_LG.tga
data/textures/HaiBun_default_LG.tga
data/textures/HaiBun_redGrey_LG.tga
data/textures/HaiBun_red_LG.tga
data/textures/HaiBun_whiteGrey_LG.tga
data/textures/HaiBun_white_LG.tga
data/textures/HaiChin_blackGrey_LG.tga
data/textures/HaiChin_black_LG.tga
data/textures/HaiChin_blondeGrey_LG.tga
data/textures/HaiChin_blonde_LG.tga
data/textures/HaiChin_brownGrey_LG.tga
data/textures/HaiChin_default_LG.tga
data/textures/HaiChin_redGrey_LG.tga
data/textures/HaiChin_red_LG.tga
data/textures/HaiChin_whiteGrey_LG.tga
data/textures/HaiChin_white_LG.tga
data/textures/HaiCrown_blackGrey_LG.tga
data/textures/HaiCrown_black_LG.tga
data/textures/HaiCrown_blondeGrey_LG.tga
data/textures/HaiCrown_blonde_LG.tga
data/textures/HaiCrown_brownGrey_LG.tga
data/textures/HaiCrown_default_LG.tga
data/textures/HaiCrown_redGrey_LG.tga
data/textures/HaiCrown_red_LG.tga
data/textures/HaiCrown_whiteGrey_LG.tga
data/textures/HaiCrown_white_LG.tga
data/textures/HaiFlip_blackGrey_LG.tga
data/textures/HaiFlip_black_LG.tga
data/textures/HaiFlip_blondeGrey_LG.tga
data/textures/HaiFlip_blonde_LG.tga
data/textures/HaiFlip_brownGrey_LG.tga
data/textures/HaiFlip_default_LG.tga
data/textures/HaiFlip_redGrey_LG.tga
data/textures/HaiFlip_red_LG.tga
data/textures/HaiFlip_whiteGrey_LG.tga
data/textures/HaiFlip_white_LG.tga
data/textures/HaiFrizzy_blackGrey_LG.tga
data/textures/HaiFrizzy_black_LG.tga
data/textures/HaiFrizzy_blondeGrey_LG.tga
data/textures/HaiFrizzy_blonde_LG.tga
data/textures/HaiFrizzy_brownGrey_LG.tga
data/textures/HaiFrizzy_default_LG.tga
data/textures/HaiFrizzy_redGrey_LG.tga
data/textures/HaiFrizzy_red_LG.tga
data/textures/HaiFrizzy_whiteGrey_LG.tga
data/textures/HaiFrizzy_white_LG.tga
data/textures/HaiGreaser_blackGrey_LG.tga
data/textures/HaiGreaser_black_LG.tga
data/textures/HaiGreaser_blondeGrey_LG.tga
data/textures/HaiGreaser_blonde_LG.tga
data/textures/HaiGreaser_brownGrey_LG.tga
data/textures/HaiGreaser_default_LG.tga
data/textures/HaiGreaser_redGrey_LG.tga
data/textures/HaiGreaser_red_LG.tga
data/textures/HaiGreaser_whiteGrey_LG.tga
data/textures/HaiGreaser_white_LG.tga
data/textures/HaiLongM_blackGrey_LG.tga
data/textures/HaiLongM_black_LG.tga
data/textures/HaiLongM_blondeGrey_LG.tga
data/textures/HaiLongM_blonde_LG.tga
data/textures/HaiLongM_brownGrey_LG.tga
data/textures/HaiLongM_default_LG.tga
data/textures/HaiLongM_redGrey_LG.tga
data/textures/HaiLongM_red_LG.tga
data/textures/HaiLongM_whiteGrey_LG.tga
data/textures/HaiLongM_white_LG.tga
data/textures/HaiLong_blackGrey_LG.tga
data/textures/HaiLong_black_LG.tga
data/textures/HaiLong_blondeGrey_LG.tga
data/textures/HaiLong_blonde_LG.tga
data/textures/HaiLong_brownGrey_LG.tga
data/textures/HaiLong_default_LG.tga
data/textures/HaiLong_redGrey_LG.tga
data/textures/HaiLong_red_LG.tga
data/textures/HaiLong_whiteGrey_LG.tga
data/textures/HaiLong_white_LG.tga
data/textures/HaiMilitary_blackGrey_LG.tga
data/textures/HaiMilitary_black_LG.tga
data/textures/HaiMilitary_blondeGrey_LG.tga
data/textures/HaiMilitary_blonde_LG.tga
data/textures/HaiMilitary_brownGrey_LG.tga
data/textures/HaiMilitary_default_LG.tga
data/textures/HaiMilitary_redGrey_LG.tga
data/textures/HaiMilitary_red_LG.tga
data/textures/HaiMilitary_whiteGrey_LG.tga
data/textures/HaiMilitary_white_LG.tga
data/textures/HaiMohawk_blackGrey_LG.tga
data/textures/HaiMohawk_black_LG.tga
data/textures/HaiMohawk_blondeGrey_LG.tga
data/textures/HaiMohawk_blonde_LG.tga
data/textures/HaiMohawk_brownGrey_LG.tga
data/textures/HaiMohawk_default_LG.tga
data/textures/HaiMohawk_redGrey_LG.tga
data/textures/HaiMohawk_red_LG.tga
data/textures/HaiMohawk_whiteGrey_LG.tga
data/textures/HaiMohawk_white_LG.tga
data/textures/HaiPonyTailF_blackGrey_LG.tga
data/textures/HaiPonyTailF_black_LG.tga
data/textures/HaiPonyTailF_blondeGrey_LG.tga
data/textures/HaiPonyTailF_blonde_LG.tga
data/textures/HaiPonyTailF_brownGrey_LG.tga
data/textures/HaiPonyTailF_default_LG.tga
data/textures/HaiPonyTailF_redGrey_LG.tga
data/textures/HaiPonyTailF_red_LG.tga
data/textures/HaiPonyTailF_whiteGrey_LG.tga
data/textures/HaiPonyTailF_white_LG.tga
data/textures/HaiPonyTail_blackGrey_LG.tga
data/textures/HaiPonyTail_black_LG.tga
data/textures/HaiPonyTail_blondeGrey_LG.tga
data/textures/HaiPonyTail_blonde_LG.tga
data/textures/HaiPonyTail_brownGrey_LG.tga
data/textures/HaiPonytail_default_LG.tga
data/textures/HaiPonyTail_redGrey_LG.tga
data/textures/HaiPonyTail_red_LG.tga
data/textures/HaiPonyTail_whiteGrey_LG.tga
data/textures/HaiPonyTail_white_LG.tga
data/textures/HaiPulled_blackGrey_LG.tga
data/textures/HaiPulled_black_LG.tga
data/textures/HaiPulled_blondeGrey_LG.tga
data/textures/HaiPulled_blonde_LG.tga
data/textures/HaiPulled_brownGrey_LG.tga
data/textures/HaiPulled_default_LG.tga
data/textures/HaiPulled_redGrey_LG.tga
data/textures/HaiPulled_red_LG.tga
data/textures/HaiPulled_whiteGrey_LG.tga
data/textures/HaiPulled_white_LG.tga
data/textures/HaiShaggy_blackGrey_LG.tga
data/textures/HaiShaggy_black_LG.tga
data/textures/HaiShaggy_blondeGrey_LG.tga
data/textures/HaiShaggy_blonde_LG.tga
data/textures/HaiShaggy_brownGrey_LG.tga
data/textures/HaiShaggy_default_LG.tga
data/textures/HaiShaggy_redGrey_LG.tga
data/textures/HaiShaggy_red_LG.tga
data/textures/HaiShaggy_whiteGrey_LG.tga
data/textures/HaiShaggy_white_LG.tga
data/textures/HaiShort_blackGrey_LG.tga
data/textures/HaiShort_black_LG.tga
data/textures/HaiShort_blondeGrey_LG.tga
data/textures/HaiShort_blonde_LG.tga
data/textures/HaiShort_brownGrey_LG.tga
data/textures/HaiShort_default_LG.tga
data/textures/HaiShort_redGrey_LG.tga
data/textures/HaiShort_red_LG.tga
data/textures/HaiShort_whiteGrey_LG.tga
data/textures/HaiShort_white_LG.tga
data/textures/HaiShoulder_blackGrey_LG.tga
data/textures/HaiShoulder_black_LG.tga
data/textures/HaiShoulder_blondeGrey_LG.tga
data/textures/HaiShoulder_blonde_LG.tga
data/textures/HaiShoulder_brownGrey_LG.tga
data/textures/HaiShoulder_default_LG.tga
data/textures/HaiShoulder_redGrey_LG.tga
data/textures/HaiShoulder_red_LG.tga
data/textures/HaiShoulder_whiteGrey_LG.tga
data/textures/HaiShoulder_white_LG.tga
data/textures/HaiStubble_default_LG.tga
data/textures/HanCombatArmor_default_LG.tga
data/textures/HanLeatherGauntlet_default_LG.tga
data/textures/HanLeatherOutfitGauntlet_default_LG.tga
data/textures/HanLeatherOutfit_default_LG.tga
data/textures/HanPowerArmor_default_LG.tga
data/textures/HanPowerFist_default_LG.tga
data/textures/HeaArmingCapF_default_LG.tga
data/textures/HeaArmingCap_default_LG.tga
data/textures/HeaCombatArmor_default_LG.tga
data/textures/Head_StrawHat_default_LG.tga
data/textures/HeaMotorcycle_8Ball_LG.tga
data/textures/HeaMotorcycle_black_LG.tga
data/textures/HeaMotorcycle_blue_LG.tga
data/textures/HeaMotorcycle_default_LG.tga
data/textures/HeaMotorcycle_easyrider_LG.tga
data/textures/HeaMotorcycle_EyeRed_LG.tga
data/textures/HeaMotorcycle_Flames_LG.tga
data/textures/HeaMotorcycle_green_LG.tga
data/textures/HeaMotorcycle_grey_LG.tga
data/textures/HeaMotorcycle_Police_LG.tga
data/textures/HeaMotorcycle_red_LG.tga
data/textures/HeaMotorcycle_ShotSmiley_LG.tga
data/textures/HeaMotorcycle_SkullFull_LG.tga
data/textures/HeaMotorcycle_skull_LG.tga
data/textures/HeaMotorcycle_yellow_LG.tga
data/textures/HeaPowerArmor_default_LG.tga
data/textures/HeaStrawHat_default_LG.tga
data/textures/MusFull_blackGrey_LG.tga
data/textures/MusFull_black_LG.tga
data/textures/MusFull_blondeGrey_LG.tga
data/textures/MusFull_blonde_LG.tga
data/textures/MusFull_brownGrey_LG.tga
data/textures/MusFull_default_LG.tga
data/textures/MusFull_redGrey_LG.tga
data/textures/MusFull_red_LG.tga
data/textures/MusFull_whiteGrey_LG.tga
data/textures/MusFull_white_LG.tga
data/textures/MusFuManchu_blackGrey_LG.tga
data/textures/MusFuManchu_black_LG.tga
data/textures/MusFuManchu_blondeGrey_LG.tga
data/textures/MusFuManchu_blonde_LG.tga
data/textures/MusFuManchu_brownGrey_LG.tga
data/textures/MusFuManchu_default_LG.tga
data/textures/MusFuManchu_redGrey_LG.tga
data/textures/MusFuManchu_red_LG.tga
data/textures/MusFuManchu_whiteGrey_LG.tga
data/textures/MusFuManchu_white_LG.tga
data/textures/MusGoatee_blackGrey_LG.tga
data/textures/MusGoatee_black_LG.tga
data/textures/MusGoatee_blondeGrey_LG.tga
data/textures/MusGoatee_blonde_LG.tga
data/textures/MusGoatee_brownGrey_LG.tga
data/textures/MusGoatee_default_LG.tga
data/textures/MusGoatee_redGrey_LG.tga
data/textures/MusGoatee_red_LG.tga
data/textures/MusGoatee_whiteGrey_LG.tga
data/textures/MusGoatee_white_LG.tga
data/textures/MusGuvner_blackGrey_LG.tga
data/textures/MusGuvner_black_LG.tga
data/textures/MusGuvner_blondeGrey_LG.tga
data/textures/MusGuvner_blonde_LG.tga
data/textures/MusGuvner_brownGrey_LG.tga
data/textures/MusGuvner_default_LG.tga
data/textures/MusGuvner_redGrey_LG.tga
data/textures/MusGuvner_red_LG.tga
data/textures/MusGuvner_whiteGrey_LG.tga
data/textures/MusGuvner_white_LG.tga
data/textures/MusHandlebar_blackGrey_LG.tga
data/textures/MusHandlebar_black_LG.tga
data/textures/MusHandlebar_blondeGrey_LG.tga
data/textures/MusHandlebar_blonde_LG.tga
data/textures/MusHandlebar_brownGrey_LG.tga
data/textures/MusHandlebar_default_LG.tga
data/textures/MusHandlebar_redGrey_LG.tga
data/textures/MusHandlebar_red_LG.tga
data/textures/MusHandlebar_whiteGrey_LG.tga
data/textures/MusHandlebar_white_LG.tga
data/textures/MusHermit_blackGrey_LG.tga
data/textures/MusHermit_black_LG.tga
data/textures/MusHermit_blondeGrey_LG.tga
data/textures/MusHermit_blonde_LG.tga
data/textures/MusHermit_brownGrey_LG.tga
data/textures/MusHermit_default_LG.tga
data/textures/MusHermit_redGrey_LG.tga
data/textures/MusHermit_red_LG.tga
data/textures/MusHermit_whiteGrey_LG.tga
data/textures/MusHermit_white_LG.tga
data/textures/MusMadMax.tga
data/textures/MusMadMax_default_LG.tga
data/textures/MusMadMax_LG.tga
data/textures/MusMuttonChops_blackGrey_LG.tga
data/textures/MusMuttonChops_black_LG.tga
data/textures/MusMuttonChops_blondeGrey_LG.tga
data/textures/MusMuttonChops_blonde_LG.tga
data/textures/MusMuttonChops_brownGrey_LG.tga
data/textures/MusMuttonChops_default_LG.tga
data/textures/MusMuttonChops_redGrey_LG.tga
data/textures/MusMuttonChops_red_LG.tga
data/textures/MusMuttonChops_whiteGrey_LG.tga
data/textures/MusMuttonChops_white_LG.tga
data/textures/MusSmall_blackGrey_LG.tga
data/textures/MusSmall_black_LG.tga
data/textures/MusSmall_blondeGrey_LG.tga
data/textures/MusSmall_blonde_LG.tga
data/textures/MusSmall_brownGrey_LG.tga
data/textures/MusSmall_default_LG.tga
data/textures/MusSmall_redGrey_LG.tga
data/textures/MusSmall_red_LG.tga
data/textures/MusSmall_whiteGrey_LG.tga
data/textures/MusSmall_white_LG.tga
data/textures/MusStubble_blackGrey_LG.tga
data/textures/MusStubble_black_LG.tga
data/textures/MusStubble_blondeGrey_LG.tga
data/textures/MusStubble_blonde_LG.tga
data/textures/MusStubble_brownGrey_LG.tga
data/textures/MusStubble_default_LG.tga
data/textures/MusStubble_redGrey_LG.tga
data/textures/MusStubble_red_LG.tga
data/textures/MusStubble_whiteGrey_LG.tga
data/textures/MusStubble_white_LG.tga
data/textures/PlaceHolder_128_LG.tga
data/textures/PlaceHolder_16_LG.tga
data/textures/PlaceHolder_256_LG.tga
data/textures/PlaceHolder_32_LG.tga
data/textures/PlaceHolder_64_LG.tga
data/textures/PonPonytail_01_blackGrey_LG.tga
data/textures/PonPonytail_01_black_LG.tga
data/textures/PonPonytail_01_blondeGrey_LG.tga
data/textures/PonPonytail_01_blonde_LG.tga
data/textures/PonPonytail_01_brownGrey_LG.tga
data/textures/PonPonytail_01_default_LG.tga
data/textures/PonPonytail_01_redGrey_LG.tga
data/textures/PonPonytail_01_red_LG.tga
data/textures/PonPonytail_01_whiteGrey_LG.tga
data/textures/PonPonytail_01_white_LG.tga
data/textures/PonPonytail_02_blackGrey_LG.tga
data/textures/PonPonytail_02_black_LG.tga
data/textures/PonPonytail_02_blondeGrey_LG.tga
data/textures/PonPonytail_02_blonde_LG.tga
data/textures/PonPonytail_02_brownGrey_LG.tga
data/textures/PonPonytail_02_default_LG.tga
data/textures/PonPonytail_02_redGrey_LG.tga
data/textures/PonPonytail_02_red_LG.tga
data/textures/PonPonytail_02_whiteGrey_LG.tga
data/textures/PonPonytail_02_white_LG.tga
data/textures/ShoCombatArmor_default_LG.tga
data/textures/ShoLeatherOutfit_default_LG.tga
data/textures/ShoPowerArmor_default_LG.tga
data/textures/Skin_HumF_Black01_LG.tga
data/textures/Skin_HumF_Black02_LG.tga
data/textures/Skin_HumF_Black03_LG.tga
data/textures/Skin_HumF_Brown01_LG.tga
data/textures/Skin_HumF_Brown02_LG.tga
data/textures/Skin_HumF_Brown03_LG.tga
data/textures/Skin_HumF_default_LG.tga
data/textures/Skin_HumF_Red01_LG.tga
data/textures/Skin_HumF_Red02_LG.tga
data/textures/Skin_HumF_Red03_LG.tga
data/textures/Skin_HumF_Tan01_LG.tga
data/textures/Skin_HumF_Tan02_LG.tga
data/textures/Skin_HumF_Tan03_LG.tga
data/textures/Skin_HumF_White02_LG.tga
data/textures/Skin_HumF_White03_LG.tga
data/textures/Skin_HumF_Yellow01_LG.tga
data/textures/Skin_HumF_Yellow02_LG.tga
data/textures/Skin_HumF_Yellow03_LG.tga
data/textures/Skin_HumM_Black01_LG.tga
data/textures/Skin_HumM_Black02_LG.tga
data/textures/Skin_HumM_Black03_LG.tga
data/textures/Skin_HumM_Brown01_LG.tga
data/textures/Skin_HumM_Brown02_LG.tga
data/textures/Skin_HumM_Brown03_LG.tga
data/textures/Skin_HumM_default_LG.tga
data/textures/Skin_HumM_Red01_LG.tga
data/textures/Skin_HumM_Red02_LG.tga
data/textures/Skin_HumM_Red03_LG.tga
data/textures/Skin_HumM_Tan01_LG.tga
data/textures/Skin_HumM_Tan02_LG.tga
data/textures/Skin_HumM_Tan03_LG.tga
data/textures/Skin_HumM_White02_LG.tga
data/textures/Skin_HumM_White03_LG.tga
data/textures/Skin_HumM_Yellow01_LG.tga
data/textures/Skin_HumM_Yellow02_LG.tga
data/textures/Skin_HumM_Yellow03_LG.tga
data/textures/VanPipboy3000_default_LG.tga
data/textures/weaptex.tga
data/textures/WP_Sledgehammer.tga
data/textures/WP_Spear.tga
data/DefineNames.lst
data/fix.ini
data/HashNames.lst
data/PictureNames.lst
7za.exe
Assimp32.dll
Assimp32.so
cablack.dat
Clean.bat
ConfiguratorMK2.exe
fallout.dat
FOnline
FOnline.exe
FOnline.pdb
FOnlineD3D.exe
FOnlineD3D.pdb
FOnlineD3DDebug.exe
lieutenant.dat
longhairdude.dat
Mk2Art.zip
reference
SDL2.dll
thing.dat
vaultboy.dat
ZipPatch.bat
