1 PID_PURPLE_ROBE
2 PID_KEEPBRIGE_ROBE
3 PID_BLACK_ROBE
4 PID_LEATHER_JACKET
5 PID_LEATHER_ARMOR
6 PID_LEATHER_ARMOR_MK_II
7 PID_CURED_LEATHER_ARMOR
8 PID_METAL_ARMOR
9 PID_METAL_ARMOR_MK_II
10 PID_TESLA_ARMOR
11 PID_MANTIS_ARMOR
12 PID_COMBAT_ARMOR
13 PID_COMBAT_ARMOR_MK_II
14 PID_BROTHERHOOD_COMBAT_ARMOR
15 PID_BLACK_COMBAT_ARMOR
16 PID_CHITIN_ARMOR
17 PID_CHITIN_ARMOR_MK_II
18 PID_POWERED_ARMOR
19 PID_HARDENED_POWER_ARMOR
20 PID_ADVANCED_POWER_ARMOR
21 PID_ADVANCED_POWER_ARMOR_MK2
22 PID_SENTRY_BOT_ARMOR
23 PID_JUMPSUIT
24 PID_FAKE_JUMPSUIT
25 PID_KEVLAR_ROBE
26 PID_MANTIS_ARMOR_MK2
41 PID_BOTTLE_CAPS
500 PID_ZIP_GUN
501 PID_6_SHOT_PISTOL
502 PID_DOUBLE_10MM
503 PID_10MM_PISTOL
504 PID_NAILGUN
505 PID_9MM_MAUSER
506 PID_MAUSER_SILENCE
507 PID_14MM_PISTOL
508 PID_DESERT_EAGLE
509 PID_DESERT_EAGLE_EXT_MAG
510 PID_44_MAGNUM_REVOLVER
511 PID_44_MAGNUM_SPEEDLOADER
512 PID_NEEDLER_PISTOL
513 PID_223_PISTOL
514 PID_PK12_GAUSS_PISTOL
515 PID_ANACONDA
750 PID_SPRINGER_RIFLE
751 PID_HUNTING_RIFLE
752 PID_SCOPED_HUNTING_RIFLE
753 PID_ASSAULT_RIFLE
754 PID_ASSAULT_RIFLE_EXT_MAG
755 PID_SNIPER_RIFLE
756 PID_FN_FAL
757 PID_FN_FAL_NIGHT_SCOPE
758 PID_FN_FAL_HPFA
759 PID_RED_RYDER_BB_GUN
760 PID_RED_RYDER_LE_BB_GUN
761 PID_JONNY_BB_GUN
762 PID_INDEPENDENT
763 PID_HK_G36
764 PID_M72_GAUSS_RIFLE
765 PID_ELEPHANT_GUN
766 PID_NEEDLER_GUN
767 PID_HEAVY_ASSAULT_RIFLE
768 PID_ANTITANK
800 PID_SHOTGUN
801 PID_SAWED_OFF_SHOTGUN
802 PID_COMBAT_SHOTGUN
803 PID_HK_CAWS
804 PID_PANCOR_JACKHAMMER
805 PID_PANCOR_JACKHAMMER_MK2
820 PID_10MM_SMG
821 PID_MAUSER_SMG
822 PID_14MM_SMG
823 PID_TBK_SMG
824 PID_9MM_SMG
825 PID_TOMMY_GUN
826 PID_GREASE_GUN
827 PID_HK_P90C
828 PID_HK_G11
829 PID_HK_G11E
830 PID_MULTI_BARREL_GUN
1101 PID_FLAMER
1102 PID_IMPROVED_FLAMETHROWER
1103 PID_FLAMER_MK3
1104 PID_ROCKET_LAUNCHER
1105 PID_MINIGUN
1106 PID_AVENGER_MINIGUN
1107 PID_VINDICATOR_MINIGUN
1108 PID_M60
1109 PID_14MM_MACHINEGUN
1110 PID_LIGHT_SUPPORT_WEAPON
1111 PID_BOZAR
1112 PID_METAL_STORM
1113 PID_MORTAR
1114 PID_BIG_MORTAR
1115 PID_GRANADE_PISTOL
1116 PID_GRANADE_REVOLV_I
1117 PID_REVOLV_GRENADE
1118 PID_GRANADE_REVOLV_II
1119 PID_VULCAN
1120 PID_50CAL_MINIGUN
1121 PID_10MM_MACHINEGUN
1122 PID_AIRCRAFT_GUN
1200 PID_LASER_PISTOL
1201 PID_MAGNETO_LASER_PISTOL
1202 PID_PHAZER
1203 PID_SOLAR_SCORCHER
1204 PID_LASER_RIFLE
1205 PID_LASER_RIFLE_EXT_CAP
1206 PID_GATLING_LASER
1207 PID_ALIEN_LASER_PISTOL
1208 PID_DOUBLE_LASER_RIFLE
1209 PID_HYPERBOLOID
1210 PID_HYPERBOLOID_MK2
1220 PID_PLASMA_PISTOL
1221 PID_PLASMA_PISTOL_EXT_CART
1222 PID_PLASMA_RIFLE
1223 PID_TURBO_PLASMA_RIFLE
1224 PID_PLASMA_CANNON
1240 PID_YK32_PULSE_PISTOL
1241 PID_YK42B_PULSE_RIFLE
1250 PID_TESLA_RIFLE
1251 PID_TESLA_PISTOL
1270 PID_JACKAL
1271 PID_JACKAL_MINE_ACTIVE
1351 PID_ROCK
1352 PID_MOLOTOV_COCKTAIL
1353 PID_FRAG_GRENADE
1354 PID_PLASMA_GRENADE
1355 PID_PULSE_GRENADE
1356 PID_SMOKE_GRENADE
1357 PID_MUSTARD_GAS_GRENADE
1358 PID_HOLY_HAND_GRENADE
1359 PID_DOG_GRENADE
1360 PID_RAT_GRENADE
1361 PID_RAT_GRENADE_VENOM
1362 PID_RAT_GRENADE_TNT
1363 PID_FIRE_GRENADE
1400 PID_KNIFE
1401 PID_COMBAT_KNIFE
1402 PID_LIL_JESUS_WEAPON
1403 PID_SHIV
1404 PID_SWITCHBLADE
1405 PID_WAKIZASHI_BLADE
1406 PID_ELI_KNIFE
1430 PID_SPEAR
1431 PID_SHARP_SPEAR
1432 PID_SHARPENED_POLE
1433 PID_THROWING_KNIFE
1434 PID_TOXIC_THROWING_KNIFE
1435 PID_PLANT_SPIKE
1450 PID_CLUB
1451 PID_CROWBAR
1452 PID_WRENCH
1453 PID_SLEDGEHAMMER
1454 PID_LOUISVILLE_SLUGGER
1455 PID_SUPER_SLEDGE
1470 PID_CATTLE_PROD
1471 PID_SUPER_CATTLE_PROD
1472 PID_RIPPER
1550 PID_BOXING_GLOVES
1551 PID_PLATED_BOXING_GLOVES
1552 PID_RING_BOXING_GLOVES
1553 PID_RING_PLATED_BOXING_GLOVES
1554 PID_POWER_FIST
1555 PID_BRASS_KNUCKLES
1556 PID_SPIKED_KNUCKLES
1557 PID_MEGA_POWER_FIST
1558 PID_CHAIN
1650 PID_ROBO_ROCKET_LAUNCHER
1651 PID_DEATHCLAW_CLAW_1
1652 PID_DEATHCLAW_CLAW_2
1653 PID_FIRE_GECKO_FLAME_WEAPON
1654 PID_SPECIAL_BOXER_WEAPON
1655 PID_GUN_TURRET_WEAPON
1656 PID_EYEBALL_FIST_1
1657 PID_EYEBALL_FIST_2
1658 PID_DUAL_MINIGUN
1659 PID_HEAVY_DUAL_MINIGUN
1660 PID_HEAVY_DUAL_MINIGUN_LONG_RANGE
1661 PID_END_BOSS_KIFE
1662 PID_END_BOSS_PLASMA_GUN
1663 PID_NEEDLE
1664 PID_FIRE_GECKO_FLAME_WEAPON_LIGHT
1750 PID_FLARE
1751 PID_ACTIVE_FLARE
1752 PID_SIGNAL_PISTOL
1753 PID_SIGNAL_ROCKET
1800 PID_HEALING_POWDER
1801 PID_HEALING_POWDER_MK2
1802 PID_STIMPAK
1803 PID_SUPER_STIMPAK
1804 PID_HYPO
1805 PID_ANTIDOTE
1806 PID_RAD_X
1807 PID_RADAWAY
1808 PID_JET_ANTIDOTE
1840 PID_NUKA_COLA
1841 PID_BEER
1842 PID_BOOZE
1843 PID_GAMMA_GULP_BEER
1844 PID_ROENTGEN_RUM
1845 PID_ROT_GUT
1860 PID_MENTATS
1861 PID_BUFFOUT
1862 PID_PSYCHO
1863 PID_JET
1864 PID_VOODOO
1865 PID_MUTIE
1866 PID_AFTERBURNER_GUM
1867 PID_DETOXINE
1890 PID_MUTATED_FRUIT
1891 PID_IGUANA_ON_A_STICK
1892 PID_MEAT_ON_A_STICK
1893 PID_COOKIE
1900 PID_HYPO_POISON
1901 PID_MUTATED_TOE
1902 PID_MONUMENT_CHUNCK
1903 PID_BOX_OF_DOUGHNUTS
2000 PID_KEY
2001 PID_KEYS
2002 PID_RED_PASS_KEY
2003 PID_BLUE_PASS_KEY
2004 PID_NUKE_KEY
2005 PID_YELLOW_PASS_KEY
2006 PID_TEMPLE_KEY
2007 PID_JAIL_KEY
2020 PID_ACCESS_CARD
2021 PID_SECURITY_CARD
2022 PID_TRAPPER_TOWN_KEY
2023 PID_YELLOW_REACTOR_KEYCARD
2024 PID_RED_REACTOR_KEYCARD
2025 PID_V15_KEYCARD
2026 PID_VAULT_13_SHACK_KEY
2027 PID_PRES_ACCESS_KEY
2028 PID_TANKER_FOB
2029 PID_ENERGY_BARIER_ACCESS_CARD
2040 PID_ELECTRO_LOCKER
2101 PID_MORNING_STAR_MINE
2102 PID_KOKOWEEF_MINE_SCRIP
2103 PID_REAL_BOTTLE_CAPS
2150 PID_GOLD_NUGGET
2151 PID_URANIUM_ORE
2152 PID_PUMP_PARTS
2153 PID_SCORPION_TAIL
2154 PID_ROPE
2155 PID_BROC_FLOWER
2156 PID_XANDER_ROOT
2157 PID_GECKO_PELT
2158 PID_GOLDEN_GECKO_PELT
2159 PID_FLINT
2160 PID_MEAT_JERKY
2161 PID_RADSCORPION_PARTS
2162 PID_FIREWOOD
2163 PID_HYPODERMIC_NEEDLE
2164 PID_EMPTY_JET
2165 PID_BOTTLE_GLASS
2166 PID_BOTTLE_EMPTY
2167 PID_PART_OF_ROPE
2168 PID_METAL_TRASH
2169 PID_METAL_ORE
2170 PID_MINERAL
2171 PID_TUBE
2172 PID_STEEL
2173 PID_BRAHMIN_SKIN
2174 PID_MEAT
2175 PID_RAGS
2176 PID_CHEMICALS
2177 PID_INTESTINES
2178 PID_INTESTINES_DRY
2179 PID_MANTIS_CHITIN
2180 PID_MUSHROOM1
2181 PID_MUSHROOM2
2182 PID_V15_COMPUTER_PART
2183 PID_ROBOT_PARTS
2184 PID_POCKET_LINT
2185 PID_BOTTLE_FULL
2186 PID_FIRE_GECKO_PELT
2187 PID_WASP_STING
2188 PID_MUSHROOM3
2189 PID_TELEPORT_BEACON
2500 PID_NITROGLYCERIN
2501 PID_TNT
2502 PID_HEXOGEN
2503 PID_GUNPOWDER
2504 PID_REFINED_ORE
2505 PID_CAPACITOR
2506 PID_PARTS_PLASMA_RIFLE
2507 PID_ELECTRONIC_WASTE
2508 PID_ELECTRIC_DETONATOR
2509 PID_SPEEDLOADER
2510 PID_OPTOELECTRONIC_SENSOR
2511 PID_VOLTAGE_REGULATOR
2512 PID_OPTIKAL_SIGHT
2513 PID_CANISTER_FUEL
2514 PID_RAT_POISON
2515 PID_CONTAINER_ACID
2516 PID_POLYMER
2517 PID_METAL_CERAMICS
2518 PID_CARBON
2519 PID_ELECTRO_MAGNET
2520 PID_TOUCH_SENSOR
2521 PID_IMPULSE_GENERATOR
2522 PID_SUPER_CAPACITOR
2523 PID_JUICE
2524 PID_LUBRICANT
2525 PID_OIL_CAN_TRUE
2526 PID_MOTOR
2527 PID_MOTIVATOR
2529 PID_PLASMA_TRANSFORMER
2530 PID_MINE_PART
2531 PID_ROBOT_MOTIVATOR
2532 PID_EXCAVATOR_CHIP
2533 PID_NAVCOM_PARTS
2534 PID_K9_MOTIVATOR
2535 PID_PLANK
2536 PID_BOTTLE_AMMIAK
2537 PID_KEVLAR
2700 PID_MUTATED_FRUIT_MK2
2701 PID_RAGS_MK2
2702 PID_METAL_TRASH_MK2
2703 PID_STEEL_MK2
2704 PID_PUMP_PARTS_MK2
2705 PID_WELDING_MK2
2706 PID_MANTIS_CHITIN_MK2
2707 PID_CHEMICALS_MK2
2708 PID_GECKO_PELT_MK2
2709 PID_GOLDEN_GECKO_PELT_MK2
2710 PID_FIRE_GECKO_PELT_MK2
2711 PID_BRAHMIN_SKIN_MK2
2712 PID_POLYMER_MK2
2713 PID_FIREWOOD_MK2
2714 PID_V15_COMPUTER_PART_MK2
2715 PID_TUBE_MK2
2716 PID_GUNPOWDER_MK2
2717 PID_LUBRICANT_MK2
2718 PID_IMPULSE_GENERATOR_MK2
2719 PID_EMPTY	 
2720 PID_SUPER_CAPACITOR_MK2
2721 PID_METAL_CERAMICS_MK2
2722 PID_CARBON_MK2
2723 PID_PLASMA_TRANSFORMER_MK2
2724 PID_PARTS_PLASMA_RIFLE_MK2
2725 PID_ROBOT_MOTIVATOR_MK2
2726 PID_ROBOT_PARTS_MK2
2727 PID_RADSCORPION_PARTS_MK2
2728 PID_MINERAL_MK2
2729 PID_METAL_ORE_MK2
2730 PID_ELECTRONIC_WASTE_MK2
2731 PID_ELECTRO_MAGNET_MK2
2950 PID_DYNAMITE
2951 PID_ACTIVE_DYNAMITE
2952 PID_TOGGLE_SWITCH
2953 PID_PLASTIC_EXPLOSIVES_DULL
2954 PID_PLASTIC_EXPLOSIVES
2955 PID_ACTIVE_PLASTIC_EXPLOSIVE
2956 PID_EXPLOSIVE_SWITCH
2957 PID_MINE
2958 PID_ACTIVE_MINE
2959 PID_TRAP_PLANT_SPIKE
2960 PID_ACTIVE_TRAP_PLANT_SPIKE
2961 PID_TRAP_PLANT_SPIKE_MK2
2962 PID_ACTIVE_TRAP_PLANT_SPIKE_MK2
3000 PID_WATER_CHIP
3001 PID_CAR_FUEL_CELL_CONTROLLER
3002 PID_CAR_FUEL_INJECTION
3003 PID_HY_MAG_PART
3004 PID_COMPUTER_VOICE_MODULE
3005 PID_RADIO
3030 PID_TANGLERS_HAND
3031 PID_BONES
3032 PID_DIXON_EYE
3033 PID_CLIFTON_EYE
3034 PID_CYBERNETIC_BRAIN
3035 PID_HUMAN_BRAIN
3036 PID_CHIMP_BRAIN
3037 PID_ABNORMAL_BRAIN
3038 PID_GOLD_TOOTH
3039 PID_PLAYERS_EAR
3040 PID_MASTICATORS_EAR
3041 PID_DECOMPOSING_BODY
3100 PID_DR_HENRY_PAPERS
3101 PID_VERTIBIRD_PLANS
3102 PID_DEATH_STAR_PLANS
3103 PID_RAIDERS_MAP
3104 PID_CHITIN_ARMOR_RECIPE
3105 PID_BLUEPRINT
3250 PID_MEM_CHIP_BLUE
3251 PID_MEM_CHIP_GREEN
3252 PID_MEM_CHIP_RED
3253 PID_MEM_CHIP_YELLOW
3254 PID_DERMAL_PIP_BOY_DISK
3255 PID_PIP_BOY_MEDICAL_ENHANCER
3257 PID_CHIP_ST
3258 PID_CHIP_PE
3259 PID_CHIP_EN
3260 PID_CHIP_CH
3261 PID_CHIP_IN
3262 PID_CHIP_AG
3263 PID_CHIP_LK
3264 PID_CHIP_MAX_HP
3265 PID_CHIP_CARRY_WEIGHT
3266 PID_CHIP_SEQUENCE
3267 PID_CHIP_HEALING_RATE
3268 PID_CHIP_CRITICAL_CHANCE
3269 PID_CHIP_RADIATION_RESISTANCE
3270 PID_CHIP_POISON_RESISTANCE
3271 PID_CHIP_CRITICAL_RESISTANCE
3272 PID_CHIP_ABSORB_SET1
3273 PID_CHIP_ABSORB_SET2
3274 PID_CHIP_RESIST_SET1
3275 PID_CHIP_RESIST_SET2
3276 PID_CHIP_AC
3277 PID_CHIP_MELEE_DAMAGE
3278 PID_CHIP_MOVEMENT_SPEED
3279 PID_CHIP_AP
3280 PID_CHIP_EVADE
3300 PID_MULTI_TOOL
3301 PID_SUPER_TOOL_KIT
3302 PID_OIL_CAN
3303 PID_LOCKPICKS
3304 PID_EXP_LOCKPICK_SET
3305 PID_ELECTRONIC_LOCKPICKS
3306 PID_ELEC_LOCKPICK_MKII
3307 PID_SEWING_KIT
3308 PID_SET_PENCILS
3309 PID_LIGHTER
3310 PID_MOUSE_SKIN
3360 PID_FIRST_AID_KIT
3361 PID_FIELD_MEDIC_KIT
3362 PID_DOCTORS_BAG
3363 PID_PARAMEDICS_BAG
3364 PID_MEDICAL_SUPPLIES
3365 PID_BIO_GEL
3366 PID_VACCINE
3380 PID_SHOVEL
3381 PID_AXE
3382 PID_WELDING
3383 PID_WELDING_USED
3400 PID_GEIGER_COUNTER
3401 PID_ACTIVE_GEIGER_COUNTER
3402 PID_STEALTH_BOY
3403 PID_ACTIVE_STEALTH_BOY
3404 PID_MOTION_SENSOR
3405 PID_ACTIVE_MOTION_SENSOR
3500 PID_GUNS_AND_BULLETS
3501 PID_BOOK_OF_HEAVY_WEAPON
3502 PID_BOOK_OF_ENERGY_WEAPON
3503 PID_BOOK_OF_MELEE_WEAPON
3504 PID_BOOK_OF_EVADE
3505 PID_BOOK_OF_THROWING
3506 PID_FIRST_AID_BOOK
3507 PID_BOOK_OF_DOCTOR
3508 PID_BOOK_OF_SNEAK
3509 PID_BOOK_OF_LOCKPICKING
3510 PID_BOOK_OF_THEIF
3511 PID_BOOK_OF_EXPLOSIVE
3512 PID_BIG_BOOK_OF_SCIENCE
3513 PID_DEANS_ELECTRONICS
3514 PID_BOOK_OF_ORATORY
3515 PID_BOOK_OF_TRADE
3516 PID_BOOK_OF_CARDS
3517 PID_SCOUT_HANDBOOK
3518 PID_TECHNICAL_MANUAL
3519 PID_CHEMISTRY_MANUAL
3520 PID_CATS_PAW
3521 PID_CATS_PAW_ISSUE_5
3522 PID_CRITICAL_BOOK
3523 PID_MELEE_CRITICAL_BOOK
3524 PID_MELEE_DAMAGE_BOOK
3525 PID_SMG_DAMAGE_BOOK
3526 PID_BG_DAMAGE_BOOK
3527 PID_RAD_RESIST_BOOK
3528 PID_POISON_RESIST_BOOK
3529 PID_MELEE_CRIT_ROLL_BOOK
3700 PID_SHIT
3701 PID_FLOWER
3702 PID_WATER_FLASK
3703 PID_BOX_OF_NOODLES
3704 PID_FROZEN_DINNER
3705 PID_RUBBER_BOOTS
3706 PID_CHEEZY_POOFS
3707 PID_BLUE_CONDOM
3708 PID_GREEN_CONDOM
3709 PID_RED_CONDOM
3710 PID_COSMETIC_CASE
3711 PID_DICE
3712 PID_LOADED_DICE
3713 PID_DECK_OF_CARDS
3714 PID_MARKED_DECK_OF_CARDS
3715 PID_CIGARETTES
3716 PID_BRIEFCASE
3717 PID_MUTAGENIC_SYRUM
3718 PID_HEART_PILLS
3719 PID_SPECTACLES
3720 PID_OXYGEN_TANK
3721 PID_POISON_TANK
3722 PID_HOWITZER_SHELL
3723 PID_MIRROR_SHADES
3724 PID_BALL_GAG
3725 PID_DAISIES
3726 PID_BECKY_BOOK
3727 PID_HUBOLOGIST_BOOK
3728 PID_LOC_BUG
3729 PID_DOG_TAGS
3730 PID_ELECTRONIC_BUG
3731 PID_FUZZY_PAINTING
3732 PID_GOLD_LOCKET
3733 PID_TAPE_RECORDER
3734 PID_URN
3735 PID_NECKLACE
3736 PID_PSYCHIC_NULLIFIER
3737 PID_BLACK_COC_BADGE
3738 PID_RED_COC_BADGE
3739 PID_BARTER_TANDI
3740 PID_ANNA_GOLD_LOCKET
3741 PID_DAY_PASS
3742 PID_FAKE_CITIZENSHIP
3743 PID_CORNELIUS_GOLD_WATCH
3744 PID_VIC_RADIO
3745 PID_VIC_WATER_FLASK
3746 PID_TROPHY_OF_RECOGNITION
3747 PID_NEURAL_INTERFACE
3748 PID_CLIPBOARD
3749 PID_DECK_OF_TRAGIC_CARDS
3750 PID_TALISMAN
3751 PID_SLAG_MESSAGE
3752 PID_PART_REQUISITION_FORM
3753 PID_EASTER_EGG
3754 PID_MAGIC_8_BALL
3755 PID_MOORE_BAD_BRIEFCASE
3756 PID_MOORE_GOOD_BRIEFCASE
3757 PID_PRESIDENTIAL_PASS
3758 PID_RANGER_PIN
3759 PID_RANGER_MAP
3760 PID_GECK
3761 PID_STABLES_ID_BADGE
3762 PID_RAMIREZ_BOX_CLOSED
3763 PID_RAMIREZ_BOX_OPEN
3764 PID_BLONDIE_DOG_TAG
3765 PID_ANGEL_EYES_DOG_TAG
3766 PID_TUCO_DOG_TAG
3767 PID_REBEL_TAG
3768 PID_SHERIFF_BADGE
3769 PID_ACCOUNT_BOOK
3770 PID_TORN_PAPER_1
3771 PID_TORN_PAPER_2
3772 PID_TORN_PAPER_3
3773 PID_PASSWORD_PAPER
3774 PID_ELRON_FIELD_REP
3775 PID_SMITTY_MEAL
3776 PID_ENLIGHTENED_ONE_LETTER
3777 PID_FALLOUT_2_HINTBOOK
3778 PID_CHOSEN_HOLO
3779 PID_CHOSEN_HOLO_DECODED
3780 PID_LETTER_TO_LIN
3781 PID_LETTER_TO_TODD
3782 PID_EDWARD_REPORT
3783 PID_LETTER_TO_CASSIDY
3784 PID_LETTER_TO_SINDY
3785 PID_DANTON_POISON
3786 PID_ARROYO_SYRINGE
3787 PID_FALLOUT_3_HOLO
3788 PID_FAKE_GECK
3789 PID_USED_GECK
3790 PID_FAKE_LETTER
3791 PID_PACKAGE_1
3792 PID_PACKAGE_2
3793 PID_EXP_COLLAR_CRAFT
3794 PID_EXP_COLLAR
3795 PID_HOLODISK
3796 PID_MEMO
3797 PID_MAP
3798 PID_SMALL_STATUETTE
3799 PID_BLOW_UP_DOLL
3800 PID_POPPED_BLOW_UP_DOLL
3801 PID_BUGS
3802 PID_MR_NIXON_DOLL
3804 PID_LOURENCE_FLUTE
3805 PID_INSULATE_TAPE
3806 PID_JUKEBOX
3807 PID_JUKEBOX_OFF
3808 PID_SIGNAL_QUENCHER
3809 PID_WATCH
3810 PID_SUPERTOXINE
3811 PID_LOURENCE_LURE
3900 PID_BROTHERHOOD_TAPE
3901 PID_DISK_FEV
3902 PID_DISK_SECURITY
3903 PID_DISK_ALPHA_EXPERIMENT
3904 PID_DISK_DELTA_EXPERIMENT
3905 PID_DISK_VREES_EXPERIMENT
3906 PID_DISK_MUTANT_TRANSMISSIONS
3907 PID_DISK_BROTHERHOOD_HISTORY
3908 PID_DISK_MAXSON_HISTORY
3909 PID_DISK_MAXSON_JOURNAL
3910 PID_DISK_VAULT_RECORDS
3911 PID_DISK_MILITARY_BASE_SEC_CODE
3912 PID_DISK_REGULATOR_TRANSMISSIONS
3913 PID_HOLODISK_FAKE_V13
3914 PID_GECKO_DATA_DISK
3915 PID_REACTOR_DATA_DISK
3916 PID_LYNETTE_HOLO
3917 PID_WESTIN_HOLO
3918 PID_SPY_HOLO
3919 PID_BISHOPS_HOLODISK
3920 PID_ENCLAVE_HOLODISK_5
3921 PID_ENCLAVE_HOLODISK_1
3922 PID_ENCLAVE_HOLODISK_2
3923 PID_ENCLAVE_HOLODISK_3
3924 PID_ENCLAVE_HOLODISK_4
3925 PID_EVACUATION_HOLODISK
3926 PID_EXPERIMENT_HOLODISK
3927 PID_MEDICAL_HOLODISK
3928 PID_PASSWORD_HOLODISK
3929 PID_ELRON_MEMBER_HOLO
3930 PID_BROADCAST_HOLODISK
3931 PID_SIERRA_MISSION_HOLODISK
3932 PID_NCR_HISTORY_HOLODISK
3933 PID_ELRON_TEACH_HOLO
3934 PID_KOTW_BEER
3935 PID_KOTW_GRAIL
3936 PID_KOTW_STATUETTE
3937 PID_POSTMAN_LETTER
3938 PID_BRAHMIN_FLOWER
3939 PID_NUKA_KLIFF
3941 PID_BADGE_BOS
3942 PID_BADGE_ENC
3943 PID_BADGE_NKR
3944 PID_BADGE_RENDG
4100 PID_HUMMER
4101 PID_BUGGY
4102 PID_SCOUT
4103 PID_VERTIBIRD
4104 PID_HIGHWAYMAN
4105 PID_BOAT
4106 PID_HIGHWAYMAN_GAS
4107 PID_HIGHWAYMAN_FIX1
4108 PID_HIGHWAYMAN_FIX2
4109 PID_HIGHWAYMAN_FIX3
4110 PID_FAETON
4113 PID_BIKE
4114 PID_COMBAT_VERTIBIRD
4115 PID_CORVEGA
4116 PID_METRO
4142 PID_HIGHWAYMAN_BAG
4143 PID_BUGGY_BAG
4144 PID_SCOUT_BAG
4145 PID_BOAT_BAG
4150 PID_HUMMER_BAG
4151 PID_VERTIBIRD_BAG
4301 PID_SANDBAG_1
4302 PID_SANDBAG_2
4303 PID_SANDBAG_3
4304 PID_SANDBAG_4
4305 PID_SANDBAG_5
4306 PID_SANDBAG_EMPTY
4350 PID_WANTED_SIGN
4351 PID_UNVISIBLE_BLOCK
4352 PID_MISC_BOOKCASE_0
4353 PID_MISC_BOOKCASE_1
4354 PID_MISC_SHELVES_0
4355 PID_MISC_SHELVES_1
4356 PID_CAR_FUEL_CELL
4357 PID_ITEM_BLOCKER
4358 PID_POT
4450 PID_FRIDGE
4451 PID_ICE_CHEST_LEFT
4452 PID_ICE_CHEST_RIGHT
4453 PID_BAG
4454 PID_BACKPACK
4455 PID_BROWN_BAG
4456 PID_FOOTLOCKER_CLEAN_LEFT
4457 PID_FOOTLOCKER_RUSTY_LEFT
4458 PID_FOOTLOCKER_CLEAN_RIGHT
4459 PID_FOOTLOCKER_RUSTY_RIGHT
4460 PID_LOCKER_CLEAN_LEFT
4461 PID_LOCKER_RUSTY_LEFT
4462 PID_LOCKER_CLEAN_RIGHT
4463 PID_LOCKER_RUSTY_RIGHT
4464 PID_WALL_LOCKER_CLEAN_LEFT
4465 PID_WALL_LOCKER_CLEAN_RIGHT
4466 PID_WALL_LOCKER_RUSTY_LEFT
4467 PID_WALL_LOCKER_RUSTY_RIGHT
4468 PID_CONTAINER_WOOD_CRATE
4469 PID_VAULT_DWELLER_BONES
4470 PID_SMALL_POT
4471 PID_TALL_POT
4472 PID_CHEST
4473 PID_LEFT_ARROYO_BOOKCASE
4474 PID_RIGHT_ARROYO_BOOKCASE
4475 PID_OLIVE_POT
4476 PID_FLOWER_POT
4477 PID_HUMAN_BONES
4478 PID_CRASHED_VERTI_BIRD
4479 PID_GRAVESITE_1
4480 PID_GRAVESITE_2
4481 PID_GRAVESITE_3
4482 PID_GRAVESITE_4
4483 PID_LG_LT_AMMO_CRATE
4484 PID_SM_LT_AMMO_CRATE
4485 PID_LG_RT_AMMO_CRATE
4486 PID_SM_RT_AMMO_CRATE
4487 PID_LF_GRAVESITE_1
4488 PID_LF_GRAVESITE_2
4489 PID_LF_GRAVESITE_3
4490 PID_HIDDEN_CONTAINER
4491 PID_LOCKED_CONTAINER_1
4492 PID_LOCKED_CONTAINER_2
4493 PID_LOCKED_CONTAINER_3
4494 PID_LOCKED_CONTAINER_4
4541 PID_ALIEN_SIDE
4542 PID_ALIEN_FORWARD
4543 PID_STONE_HEAD
4544 PID_WAGON_RED
4545 PID_WAGON_GREY
4546 PID_CAR_TRUNK
4547 PID_WALL_SAFE
4548 PID_FLOOR_SAFE
4549 PID_POOL_TABLE_1
4550 PID_POOL_TABLE_2
4551 PID_POOL_TABLE_3
4552 PID_POOL_TABLE_4
4553 PID_POOL_TABLE_5
4554 PID_POOL_TABLE_6
4555 PID_POOR_BOX
4606 PID_BOOKCASE_0
4607 PID_BOOKCASE_1
4608 PID_BOOKCASE_2
4609 PID_BOOKCASE_3
4610 PID_BOOKCASE_4
4611 PID_BOOKCASE_5
4612 PID_DESK_0
4613 PID_DESK_1
4614 PID_DRESSER_0
4615 PID_DRESSER_1
4616 PID_DRESSER_2
4617 PID_BOOKSELF_0
4618 PID_BOOKSELF_1
4619 PID_BOOKSELF_2
4620 PID_BOOKSELF_3
4621 PID_SHELVES_0
4622 PID_SHELVES_1
4623 PID_SHELVES_2
4624 PID_SHELVES_3
4625 PID_WORKBENCH
4626 PID_TOOL_BOARD
4627 PID_IGUANA_STAND
4628 PID_TABLE_0
4629 PID_TABLE_1
4630 PID_STUFF_0
4631 PID_STUFF_1
4632 PID_STUFF_2
4633 PID_STUFF_3
4634 PID_STUFF_4
4635 PID_STUFF_5
4636 PID_STUFF_6
4637 PID_STUFF_7
4638 PID_STUFF_8
4639 PID_STUFF_9
4640 PID_STUFF_10
4641 PID_STUFF_11
4642 PID_DESK_3
4643 PID_DESK_4
4644 PID_DESK_5
4645 PID_DESK_6
4646 PID_DESK_7
4647 PID_DESK_8
4648 PID_DESK_9
4649 PID_LOCKER_7
4650 PID_LOCKER_8
4651 PID_BOX_0
4652 PID_BOX_1
4653 PID_BOX_2
4654 PID_BOX_3
4655 PID_BOX_4
4656 PID_BOX_5
4657 PID_BOX_6
4658 PID_BOX_7
4659 PID_REMAINSOF_GIZMO
4660 PID_DESK_10
4661 PID_DEAD_REDSHIRT_0
4662 PID_DEAD_REDSHIRT_1
4663 PID_DEAD_REDSHIRT_2
4664 PID_MINING_MACHINE
4700 PID_STILL_B_BROKEN
4701 PID_STILL_S_BROKEN
4702 PID_STILL_B
4703 PID_STILL_B_ACTIVE
4704 PID_STILL_S
4705 PID_STILL_S_ACTIVE
4706 PID_EB_LONG_HOR
4707 PID_EB_LONG_VERT
4708 PID_EB_SHORT_HOR1
4709 PID_EB_SHORT_HOR1_RED
4710 PID_EB_SHORT_VERT1
4711 PID_EB_SHORT_VERT1_RED
4712 PID_EB_SHORT_HOR2
4713 PID_EB_SHORT_HOR2_RED
4714 PID_EB_SHORT_VERT2
4715 PID_EB_SHORT_VERT2_RED
4716 PID_EB_SHORT_HOR3
4717 PID_EB_SHORT_HOR3_RED
4718 PID_EB_SHORT_VERT3
4719 PID_EB_SHORT_VERT3_RED
4720 PID_EB_EMITTER_HOR1
4721 PID_EB_EMITTER_VERT1
4722 PID_EB_EMITTER_HOR2
4723 PID_EB_EMITTER_VERT2
4724 PID_EB_EMITTER_HOR3
4725 PID_EB_EMITTER_VERT3
4726 PID_EB_BLOCKER
4727 PID_EB_TRIGGER
4800 PID_SMOKE
4801 PID_MUSTARD_GAS
4802 PID_EXPLODE_FIRE_BIG
4803 PID_EXPLODE_FIRE_SMALL
4804 PID_EXPLODE_PLASMA
4805 PID_EXPLODE_EMP
4806 PID_EXPLODE_ROCKET
4807 PID_FLYING_ROCKET
4808 PID_FLYING_PLASMA_BALL
4809 PID_FLYING_KNIFE
4810 PID_FLYING_SPEAR
4811 PID_FLYING_LASER_BLAST
4812 PID_FLYING_PLASMA_BLAST
4813 PID_FLYING_ELECTRICITY_BOLT
4814 PID_FLYING_BLUE_LASER_BLAST
4815 PID_BLUE_LASER_EXPLOSION
4816 PID_DOUBLE_LASER
4817 PID_EXPLODE_NUKLEAR
4818 PID_FIRE_LASER_EXPLOSION
5000 PID_10MM_JHP
5001 PID_10MM_AP
5002 PID_NAILS
5003 PID_9MM_AMMO
5004 PID_9MM_BALL
5005 PID_14MM_AP
5006 PID_44_MAGNUM_JHP
5007 PID_44_FMJ_MAGNUM
5008 PID_5MM_JHP
5009 PID_5MM_AP
5010 PID_SHOTGUN_SHELLS
5011 PID_7_62MM_AMMO
5012 PID_45_CALIBER_AMMO
5013 PID_223_FMJ
5014 PID_4_7MM_CASELESS
5015 PID_2MM_EC_AMMO
5017 PID_EXPLOSIVE_ROCKET
5018 PID_ROCKET_AP
5019 PID_FLAMETHROWER_FUEL
5020 PID_FLAMETHROWER_FUEL_MK_II
5021 PID_SMALL_ENERGY_CELL
5022 PID_MICRO_FUSION_CELL
5023 PID_BBS
5024 PID_HN_NEEDLER_CARTRIDGE
5025 PID_HN_AP_NEEDLER_CARTRIDGE
5026 PID_40MM_GRANADE
5027 PID_CANNON_BALLS
5028 PID_ROBO_ROCKET_AMMO
5029 PID_50_CAL
5030 PID_FRAG_SHELLS
5031 PID_SLUG_SHELLS
5032 PID_CANNON_BALLS_FRAG
5033 PID_EMP_ROCKET
5050 PID_700_NITRO_EXPRESS
5051 PID_NUKE_ROCKET
5052 PID_JACKAL_MINE
5053 PID_JACKAL_WALKING_MINE
5054 PID_40MM_GRANADE_FIRE
5055 PID_45_CALIBER_AMMO_FIRE
5056 PID_10MM_FIRE
5057 PID_JACKAL_MINE_FIRE
5058 PID_ROCKET_FIRE
5059 PID_14MM_FIRE
