Регистрируется пичень айпи <1.0.0.127>.
Регистрируется ывапы айпи <1.0.0.127>.
Регистрируется аыфвпмыва айпи <1.0.0.127>.
Регистрируется кунеук айпи <1.0.0.127>.
Регистрируется варпвыар айпи <1.0.0.127>.
Регистрируется asdfsdaf айпи <1.0.0.127>.
Регистрируется twerety айпи <1.0.0.127>.
Регистрируется ewtryt айпи <1.0.0.127>.
Регистрируется xcbvnfd айпи <1.0.0.127>.
Регистрируется выаыпф айпи <1.0.0.127>.
Регистрируется dasgadg айпи <1.0.0.127>.
Регистрируется апвоапв айпи <1.0.0.127>.
Регистрируется авпав айпи <1.0.0.127>.
Регистрируется уцнцун айпи <1.0.0.127>.
Регистрируется павпры айпи <1.0.0.127>.
Регистрируется фыпывфп айпи <1.0.0.127>.
Регистрируется кеннк айпи <1.0.0.127>.
Регистрируется FallRoy айпи <181.65.162.178>.
Регистрируется Крекер айпи <210.0.111.79>.
Регистрируется Donovan айпи <88.133.59.176>.
Регистрируется Madvillain айпи <165.178.96.212>.
Регистрируется караван айпи <173.213.65.217>.
Регистрируется Koniko айпи <5.202.25.83>.
Регистрируется Foster айпи <142.63.76.91>.
Регистрируется Donovan1 айпи <88.133.59.176>.
Регистрируется дедывоевали айпи <173.213.65.217>.
Регистрируется MFDoom айпи <165.178.96.212>.
Регистрируется Blecksmith айпи <84.57.113.92>.
Регистрируется фывф айпи <57.128.78.93>.
Регистрируется Балон айпи <190.33.44.194>.
Регистрируется Васянтест айпи <94.56.177.81>.
Регистрируется xiaomaxiao айпи <57.128.78.93>.
Регистрируется Лысый айпи <129.5.19.5>.
Регистрируется Deanon айпи <211.66.208.37>.
Регистрируется Zurics айпи <220.186.113.37>.
Регистрируется Dominus айпи <78.0.226.193>.
Регистрируется lo3q айпи <41.17.77.91>.
Регистрируется Anal Rape айпи <173.213.65.217>.
Регистрируется ПодменяюПакеты айпи <211.66.208.37>.
Регистрируется Siker айпи <206.90.118.217>.
Регистрируется WestTek айпи <238.151.26.78>.
Регистрируется II айпи <57.128.78.93>.
Регистрируется one айпи <50.106.229.94>.
Регистрируется Winergy айпи <25.104.147.46>.
Регистрируется Гарпун айпи <94.132.153.95>.
Регистрируется Cracker айпи <210.0.111.79>.
Регистрируется Угробил айпи <211.66.208.37>.
Регистрируется one1 айпи <50.106.229.94>.
Регистрируется MaJlblw2 айпи <25.104.147.46>.
Регистрируется Cvet айпи <211.66.208.37>.
Регистрируется Крякер айпи <211.66.208.37>.
Регистрируется li айпи <57.128.78.93>.
Регистрируется Анигилятор айпи <181.65.162.178>.
Регистрируется Пушка айпи <190.33.44.194>.
Регистрируется Анигиляторная айпи <181.65.162.178>.
Регистрируется Мусёк айпи <85.211.207.91>.
Регистрируется ГопиГопи айпи <146.42.219.46>.
Регистрируется УебалУебу айпи <211.66.208.37>.
Регистрируется Kilili айпи <211.66.208.37>.
Регистрируется ЧьяТыДевочка айпи <211.66.208.37>.
Регистрируется Stasello айпи <25.104.147.46>.
Регистрируется Pizdos айпи <199.188.95.85>.
Регистрируется TheFirst айпи <25.104.147.46>.
Регистрируется kellman айпи <33.155.48.176>.
Регистрируется Саша Белый айпи <57.128.78.93>.
Регистрируется Donovan айпи <115.238.200.31>.
Регистрируется nigger айпи <135.178.241.73>.
Регистрируется джек айпи <57.128.78.93>.
Регистрируется Лучер айпи <31.66.252.109>.
Регистрируется Cuban Pete айпи <135.178.241.73>.
Регистрируется Вова7 айпи <232.79.207.31>.
Регистрируется Vova7 айпи <232.79.207.31>.
Регистрируется Vova7 pro айпи <232.79.207.31>.
Регистрируется lo3qqq айпи <41.17.77.91>.
Регистрируется Winergy1 айпи <25.104.147.46>.
Регистрируется MEGA VASYAN айпи <115.238.200.31>.
Регистрируется Анклав айпи <78.133.59.5>.
Регистрируется XPEH айпи <25.104.147.46>.
Регистрируется папамедик айпи <173.213.65.217>.
Регистрируется Просто айпи <179.129.134.31>.
Регистрируется фыв айпи <179.129.134.31>.
Регистрируется цйывфывфыв айпи <179.129.134.31>.
Регистрируется VovaVII айпи <232.79.207.31>.
Регистрируется oKo айпи <41.17.77.91>.
Регистрируется epicnigger420 айпи <135.178.241.73>.
Регистрируется Vova айпи <232.79.207.31>.
Регистрируется кок айпи <173.213.65.217>.
Регистрируется Колес айпи <179.129.134.31>.
Регистрируется Шлепок айпи <102.57.117.87>.
Регистрируется Анклав айпи <78.133.59.5>.
Регистрируется Лимон айпи <185.179.22.89>.
Регистрируется sneaky nigger айпи <135.178.241.73>.
Регистрируется Cracker001 айпи <210.0.111.79>.
Регистрируется lo3qq айпи <41.17.77.91>.
Регистрируется Killer Queen айпи <115.238.200.31>.
Регистрируется FlamerSS айпи <115.238.200.31>.
Регистрируется сын говна айпи <173.213.65.217>.
Регистрируется braphog айпи <135.178.241.73>.
Регистрируется Killer Queen айпи <115.238.200.31>.
Регистрируется дочь говна айпи <173.213.65.217>.
Регистрируется holohoax айпи <135.178.241.73>.
Регистрируется Саша Белый айпи <57.128.78.93>.
Регистрируется XPEH айпи <25.104.147.46>.
Регистрируется говно айпи <173.213.65.217>.
Регистрируется STARINA айпи <115.238.200.31>.
Регистрируется Stasello2 айпи <25.104.147.46>.
Регистрируется Aeterna айпи <52.253.169.109>.
Регистрируется хабиб айпи <173.213.65.217>.
Регистрируется asspiss айпи <165.178.96.212>.
Регистрируется Stasello3 айпи <25.104.147.46>.
Регистрируется lo3qqqq айпи <41.17.77.91>.
Регистрируется Геккон айпи <213.132.3.212>.
Регистрируется Killer Queen айпи <115.238.200.31>.
Регистрируется ФутурамаПолная айпи <101.171.25.94>.
Регистрируется ll айпи <211.66.208.37>.
Регистрируется badbad айпи <57.96.40.31>.
Регистрируется Win айпи <25.104.147.46>.
Регистрируется Паладин айпи <213.132.3.212>.
Регистрируется Cracker002 айпи <1.0.0.127>.
Регистрируется ZuricsVer1.0 айпи <220.186.113.37>.
Регистрируется basdf айпи <101.171.25.94>.
Регистрируется wertw айпи <101.171.25.94>.
Регистрируется sergwsert айпи <101.171.25.94>.
Регистрируется FortyJetTaint айпи <135.178.241.73>.
Регистрируется нагибатель айпи <50.106.229.94>.
Регистрируется JJDoom айпи <165.178.96.212>.
Регистрируется TenInchTaint айпи <135.178.241.73>.
Регистрируется XPEH айпи <25.104.147.46>.
Регистрируется XPEH2 айпи <25.104.147.46>.
Регистрируется Shrek айпи <135.178.241.73>.
Регистрируется Holo айпи <26.98.191.213>.
Регистрируется zoomer айпи <135.178.241.73>.
Регистрируется Bom айпи <25.104.147.46>.
Регистрируется Bom2 айпи <25.104.147.46>.
Регистрируется Aeterna айпи <249.29.234.80>.
Регистрируется Aeterna айпи <249.29.234.80>.
Регистрируется докторврач айпи <173.213.65.217>.
Регистрируется Winergy2 айпи <24.104.147.46>.
Регистрируется Хомелес айпи <220.176.95.2>.
Регистрируется Rocket Queen айпи <115.238.200.31>.
Регистрируется Winergy айпи <24.104.147.46>.
Регистрируется Winergy айпи <24.104.147.46>.
Регистрируется Хомелес1 айпи <220.176.95.2>.
Регистрируется Выключатель айпи <152.36.44.194>.
Регистрируется Pig Slayer айпи <50.106.229.94>.
Регистрируется Солнышко айпи <57.128.78.93>.
Регистрируется Ебу Детей айпи <94.78.118.217>.
Регистрируется bigpuff айпи <165.178.96.212>.
Регистрируется Limon айпи <185.179.22.89>.
Регистрируется Элджей айпи <220.176.95.2>.
Регистрируется Тучка айпи <57.128.78.93>.
Регистрируется Limon Je айпи <185.179.22.89>.
Регистрируется мутафрукт айпи <115.238.200.31>.
Регистрируется paratest айпи <4.251.43.77>.
Регистрируется El Bomjello айпи <115.238.200.31>.
Регистрируется Athlon x64 айпи <238.151.26.78>.
Регистрируется viefuck айпи <165.178.96.212>.
Регистрируется Осетия айпи <57.96.40.31>.
Регистрируется vief айпи <165.178.96.212>.
Регистрируется kuko айпи <165.178.96.212>.
Регистрируется fuckniggers айпи <135.178.241.73>.
Регистрируется чеченская сука айпи <173.213.65.217>.
Регистрируется Грозный айпи <57.96.40.31>.
Регистрируется xiaoli айпи <57.128.78.93>.
Регистрируется Winergy айпи <24.104.147.46>.
Регистрируется Black Queen айпи <115.238.200.31>.
Регистрируется Goblin Slayer айпи <181.65.162.178>.
Регистрируется SOPMOD II айпи <238.151.26.78>.
Регистрируется Jeembo айпи <181.65.162.178>.
Регистрируется retard айпи <135.178.241.73>.
Регистрируется galga айпи <57.96.40.31>.
Регистрируется Грозный айпи <57.96.40.31>.
Регистрируется Дедов Мосол айпи <152.36.44.194>.
Регистрируется Vasyan айпи <115.238.200.31>.
Регистрируется Яхуею айпи <232.79.207.31>.
Регистрируется говнотяж айпи <173.213.65.217>.
Регистрируется XPEH айпи <24.104.147.46>.
Регистрируется softchildskin айпи <242.24.192.93>.
Регистрируется mom fucks dad айпи <242.24.192.93>.
Регистрируется бараноид айпи <173.213.65.217>.
Регистрируется paranoid айпи <4.251.43.77>.
Регистрируется MaJlblw айпи <24.104.147.46>.
Регистрируется MaJlblw3 айпи <24.104.147.46>.
Регистрируется Siegfried айпи <135.178.241.73>.
Регистрируется alfa айпи <165.178.96.212>.
Регистрируется Aeterna айпи <245.153.67.95>.
Регистрируется Космос айпи <88.78.118.217>.
Регистрируется ололо айпи <205.233.220.212>.
Регистрируется нихуя себе айпи <205.233.220.212>.
Регистрируется Алиса айпи <102.234.91.195>.
Регистрируется ЖопаВареник айпи <211.66.208.37>.
Регистрируется Усреднил айпи <211.66.208.37>.
Регистрируется Ромулус айпи <213.132.3.212>.
Регистрируется Уповал айпи <211.66.208.37>.
Регистрируется nemec айпи <199.166.68.95>.
Регистрируется Бай айпи <211.66.208.37>.
Регистрируется baldscull айпи <199.166.68.95>.
Регистрируется paranoid1 айпи <135.190.43.77>.
Регистрируется Пуля айпи <213.132.3.212>.
Регистрируется STARINA айпи <185.1.162.82>.
Регистрируется aet айпи <199.166.68.95>.
Регистрируется aet айпи <199.166.68.95>.
Регистрируется Гекко айпи <213.132.3.212>.
Регистрируется Песочный айпи <211.66.208.37>.
Регистрируется Акр айпи <211.66.208.37>.
Регистрируется testik айпи <185.1.162.82>.
Регистрируется testik2 айпи <185.1.162.82>.
Регистрируется Hail Punisher айпи <185.1.162.82>.
Регистрируется Акр2 айпи <211.66.208.37>.
Регистрируется Акрос айпи <211.66.208.37>.
Регистрируется Руслан Гелаев айпи <173.213.65.217>.
Регистрируется TestPlsIgnore айпи <44.245.73.93>.
Регистрируется Сербосек айпи <211.66.208.37>.
Регистрируется PUNISHER айпи <185.1.162.82>.
Регистрируется Гомострелок айпи <173.213.65.217>.
Регистрируется TestPlsIgnore2 айпи <44.245.73.93>.
Регистрируется Затыкало айпи <80.121.44.194>.
Регистрируется нагибатель. айпи <50.106.229.94>.
Регистрируется pizdos2 айпи <125.54.83.95>.
Регистрируется ггоогг айпи <52.47.202.91>.
Регистрируется Мёсук айпи <85.211.207.91>.
Регистрируется Tester айпи <238.151.26.78>.
Регистрируется Звездный Отец айпи <148.1.162.82>.
Регистрируется gamer айпи <135.178.241.73>.
Регистрируется Hail Punisher1 айпи <148.1.162.82>.
Регистрируется Snake Vargas айпи <148.1.162.82>.
Регистрируется Snake Vargas айпи <148.1.162.82>.
Регистрируется Snake Vargas айпи <148.1.162.82>.
Регистрируется The Punisher айпи <148.1.162.82>.
Регистрируется Ashot айпи <148.1.162.82>.
Регистрируется Ashot1 айпи <148.1.162.82>.
Регистрируется Ashot2 айпи <148.1.162.82>.
Регистрируется Ashot1 айпи <148.1.162.82>.
Регистрируется Фин айпи <177.34.251.94>.
Регистрируется Ashot3 айпи <148.1.162.82>.
Регистрируется Взлом айпи <24.104.147.46>.
Регистрируется Мукёс айпи <85.211.207.91>.
Регистрируется Дениска айпи <255.59.19.188>.
Регистрируется Диниска айпи <255.59.19.188>.
Регистрируется Курлык айпи <255.59.19.188>.
Регистрируется Snake Vargas айпи <148.1.162.82>.
Регистрируется Snake Vargas айпи <148.1.162.82>.
Регистрируется Денискаа айпи <255.59.19.188>.
Регистрируется The Punisher_1 айпи <148.1.162.82>.
Регистрируется vova8 айпи <135.178.241.73>.
Регистрируется Ashot4 айпи <148.1.162.82>.
Регистрируется STARINA айпи <122.1.162.82>.
Регистрируется The Punisher айпи <122.1.162.82>.
Регистрируется Сталкер айпи <211.66.208.37>.
Регистрируется фвфвфвфвф айпи <57.128.78.93>.
Регистрируется Sidle Jinks айпи <173.213.65.217>.
Регистрируется новато айпи <173.213.65.217>.
Регистрируется Simon айпи <84.201.80.213>.
Регистрируется Onetap айпи <2.3.165.178>.
Регистрируется Энцио айпи <238.151.26.78>.
Регистрируется Pete Rock айпи <165.178.96.212>.
Регистрируется Stvol айпи <2.3.165.178>.
Регистрируется Гиперион айпи <213.132.3.212>.
Регистрируется Winergy1 айпи <24.104.147.46>.
Регистрируется LoveAnimePenis айпи <50.106.229.94>.
Регистрируется The Punisher айпи <53.1.162.82>.
Регистрируется Hail Punisher1 айпи <67.1.162.82>.
Регистрируется MegaVasyan айпи <67.1.162.82>.
Регистрируется qwert айпи <67.1.162.82>.
Регистрируется фыва айпи <175.169.25.94>.
Регистрируется qwerty айпи <67.1.162.82>.
Регистрируется The Punisher айпи <67.1.162.82>.
Регистрируется коробка ло айпи <173.213.65.217>.
Регистрируется vova9 айпи <135.178.241.73>.
Регистрируется The Punisher айпи <67.1.162.82>.
Регистрируется vulva7 айпи <135.178.241.73>.
Регистрируется IICEBERG айпи <2.3.165.178>.
Регистрируется коробочка айпи <173.213.65.217>.
Регистрируется хорони айпи <173.213.65.217>.
Регистрируется нукнук айпи <52.103.40.31>.
Регистрируется тупо поебать айпи <173.213.65.217>.
Регистрируется тупо энергач айпи <173.213.65.217>.
Регистрируется XPEH1 айпи <23.220.147.46>.
Регистрируется Hail Punisher1 айпи <185.1.162.82>.
Регистрируется The Punisher айпи <185.1.162.82>.
Регистрируется The Punisher айпи <185.1.162.82>.
Регистрируется The Punisher айпи <185.1.162.82>.
Регистрируется The Punisher айпи <197.1.162.82>.
Регистрируется Test1 айпи <23.220.147.46>.
Регистрируется Рамхамтенг айпи <94.44.145.37>.
Регистрируется Test1 айпи <23.220.147.46>.
Регистрируется Test1 айпи <23.220.147.46>.
Регистрируется ВасяИзМосквы айпи <89.78.118.217>.
Регистрируется The Punisher айпи <217.1.162.82>.
Регистрируется Твоя Красивый айпи <187.72.95.109>.
Регистрируется Test2 айпи <6.244.165.5>.
Регистрируется Test1 айпи <6.244.165.5>.
Регистрируется СУС айпи <187.72.95.109>.
Регистрируется The Punisher айпи <217.1.162.82>.
Регистрируется jesus айпи <33.238.215.37>.
Регистрируется jesus айпи <33.238.215.37>.
Регистрируется jesus айпи <33.238.215.37>.
Регистрируется Кто Я айпи <188.19.15.176>.
Регистрируется Ван Дер Хууй айпи <217.1.162.82>.
Регистрируется Гиперион 2 айпи <104.63.135.88>.
Регистрируется Троллинг айпи <149.83.77.91>.
Регистрируется Гиперион 3 айпи <104.63.135.88>.
Регистрируется тряпочка айпи <204.21.145.37>.
Регистрируется Лапек айпи <94.44.145.37>.
Регистрируется тряпочка2 айпи <204.21.145.37>.
Регистрируется Кишкодробильня айпи <152.36.44.194>.
Регистрируется самопал айпи <173.213.65.217>.
Регистрируется Щпице айпи <94.44.145.37>.
Регистрируется Валера айпи <209.10.242.46>.
Регистрируется Жара айпи <89.239.25.94>.
Регистрируется тряпочка3 айпи <204.21.145.37>.
Регистрируется тряпочка4 айпи <204.21.145.37>.
Регистрируется Дедов_Мосол айпи <152.36.44.194>.
Регистрируется benis айпи <135.178.241.73>.
Регистрируется The Punisher айпи <140.1.162.82>.
Регистрируется Test2 айпи <6.244.165.5>.
Регистрируется 1вфыфыв айпи <105.126.24.213>.
Регистрируется тряпочка5 айпи <204.21.145.37>.
Регистрируется Test3 айпи <6.244.165.5>.
Регистрируется lo3k айпи <64.56.29.94>.
Регистрируется Test3 айпи <6.244.165.5>.
Регистрируется benis2 айпи <135.178.241.73>.
Регистрируется Test4 айпи <6.244.165.5>.
Регистрируется энергач раз айпи <129.200.94.77>.
Регистрируется энергач два айпи <129.200.94.77>.
Регистрируется lo3kk айпи <64.56.29.94>.
Регистрируется XPEH3 айпи <6.244.165.5>.
Регистрируется Fixer айпи <106.232.112.37>.
Регистрируется lo3kkk айпи <64.56.29.94>.
Регистрируется Fixer1 айпи <106.232.112.37>.
Регистрируется lo3kkkk айпи <64.56.29.94>.
Регистрируется Велком айпи <105.126.24.213>.
Регистрируется losk айпи <64.56.29.94>.
Регистрируется Test3 айпи <106.232.112.37>.
Регистрируется lozk айпи <64.56.29.94>.
Регистрируется GoodBoyName айпи <180.209.60.78>.
Регистрируется XPEH5 айпи <106.232.112.37>.
Регистрируется Test айпи <106.232.112.37>.
Регистрируется lo3kq айпи <64.56.29.94>.
Регистрируется xTest айпи <106.232.112.37>.
Регистрируется Кальтер айпи <205.92.92.2>.
Регистрируется Кварц айпи <94.44.145.37>.
Регистрируется Кро мвель айпи <94.44.145.37>.
Регистрируется футунари айпи <204.21.145.37>.
Регистрируется ауе айпи <129.200.94.77>.
Регистрируется нальчик айпи <50.106.229.94>.
Регистрируется Чепуш айпи <94.44.145.37>.
Регистрируется футунари2 айпи <204.21.145.37>.
Регистрируется Джон Леннон айпи <79.152.216.46>.
Регистрируется жирная_машина айпи <204.21.145.37>.
Регистрируется Чепушила айпи <94.44.145.37>.
Регистрируется Джейк Грин айпи <79.152.216.46>.
Регистрируется Крокодил айпи <79.152.216.46>.
Регистрируется мерк айпи <84.201.80.213>.
Регистрируется The Punisher айпи <157.1.162.82>.
Регистрируется Несотворенный айпи <172.144.216.46>.
Регистрируется милик айпи <54.91.154.95>.
Регистрируется Легас айпи <94.44.145.37>.
Регистрируется нагибатель.. айпи <50.106.229.94>.
Регистрируется вфы айпи <94.44.145.37>.
Регистрируется Крейг айпи <94.44.145.37>.
Регистрируется тест1 айпи <104.63.135.88>.
Регистрируется ss айпи <230.91.134.188>.
Регистрируется FEaRNeSS айпи <236.125.98.46>.
Регистрируется дурной айпи <204.21.145.37>.
Регистрируется FEaRNeSS айпи <236.125.98.46>.
Регистрируется Кактус айпи <239.192.216.46>.
Регистрируется FEaRNeSS айпи <236.125.98.46>.
Регистрируется Смердит айпи <211.66.208.37>.
Регистрируется Atilla айпи <211.66.208.37>.
Регистрируется НиберКрякер айпи <94.44.145.37>.
Регистрируется Гоша айпи <239.192.216.46>.
Регистрируется дурная айпи <204.21.145.37>.
Регистрируется Василий айпи <239.192.216.46>.
Регистрируется Galga айпи <51.103.40.31>.
Регистрируется Jake Green айпи <239.192.216.46>.
Регистрируется Фрунтик айпи <94.44.145.37>.
Регистрируется пол_и_тряпка айпи <204.21.145.37>.
Регистрируется хлеб щеглов айпи <22.145.13.31>.
Регистрируется Врангель айпи <94.44.145.37>.
Регистрируется дурной2 айпи <204.21.145.37>.
Регистрируется Герасим айпи <239.192.216.46>.
Регистрируется STARINA айпи <99.1.162.82>.
Регистрируется The Punisher айпи <99.1.162.82>.
Регистрируется Бро айпи <43.251.33.171>.
Регистрируется Норт айпи <187.18.172.46>.
Регистрируется Папироска айпи <89.3.255.145>.
Регистрируется Орве айпи <187.18.172.46>.
Регистрируется ыашыоашыввоа айпи <85.211.126.109>.
Регистрируется тесттест айпи <85.211.126.109>.
Регистрируется дурная2 айпи <204.21.145.37>.
Регистрируется Sherman айпи <215.126.93.2>.
Регистрируется Вислоухий айпи <159.198.53.84>.
Регистрируется дерьмо1 айпи <94.44.145.37>.
Регистрируется Вислоухий айпи <159.198.53.84>.
Регистрируется Врангель2 айпи <94.44.145.37>.
Регистрируется Вислоухий айпи <159.198.53.84>.
Регистрируется onehander айпи <33.238.215.37>.
Регистрируется Сайман айпи <33.238.215.37>.
Регистрируется кризис айпи <84.201.80.213>.
Регистрируется qw айпи <59.1.162.82>.
Регистрируется Сгибала айпи <152.36.44.194>.
Регистрируется Кикнул айпи <211.66.208.37>.
Регистрируется Заглот айпи <211.66.208.37>.
Регистрируется Типчик айпи <14.106.32.188>.
Регистрируется Ahoj айпи <26.98.191.213>.
Регистрируется Сайман айпи <102.204.215.37>.
Регистрируется Короб айпи <94.44.145.37>.
Регистрируется FEaRNeSS айпи <227.125.98.46>.
Регистрируется Вопона айпи <28.89.218.91>.
Регистрируется FEaRNeSS айпи <227.125.98.46>.
Регистрируется Кэш айпи <154.12.251.5>.
Регистрируется Врангель3 айпи <94.44.145.37>.
Регистрируется Гекс айпи <208.129.87.213>.
Регистрируется Тара айпи <94.44.145.37>.
Регистрируется HarlyDevitson айпи <13.40.81.93>.
Регистрируется Регулятор айпи <13.40.81.93>.
Регистрируется йод айпи <13.40.81.93>.
Регистрируется ДонГон айпи <186.153.3.212>.
Регистрируется 0хСС айпи <204.21.145.37>.
Регистрируется 0xFF айпи <204.21.145.37>.
Регистрируется Мяука айпи <84.201.80.213>.
Регистрируется Убивака айпи <211.66.208.37>.
Регистрируется Kill Em All айпи <181.65.162.178>.
Регистрируется Gay Lord айпи <181.65.162.178>.
Регистрируется Кишкодробильня айпи <235.57.125.176>.
Регистрируется СЧ айпи <2.3.165.178>.
Регистрируется Пажилой Убийца айпи <181.65.162.178>.
Регистрируется ДедовМосол айпи <235.57.125.176>.
Регистрируется Тупа Девочка айпи <181.65.162.178>.
Регистрируется Raz айпи <2.3.165.178>.
Регистрируется мяукер айпи <84.201.80.213>.
Регистрируется ТУПА_БАН айпи <204.21.145.37>.
Регистрируется фывапр айпи <235.57.125.176>.
Регистрируется ДАМА-ПИЖАМА айпи <181.65.162.178>.
Регистрируется Сайман айпи <102.204.215.37>.
Регистрируется ПИЖАМА И ГИПО айпи <102.204.215.37>.
Регистрируется УЛЬТРАФИОЛЕТ айпи <181.65.162.178>.
Регистрируется афыва айпи <94.44.145.37>.
Регистрируется ХАЧИК айпи <181.65.162.178>.
Регистрируется Карлуша айпи <14.172.216.46>.
Регистрируется Критовщина айпи <94.44.145.37>.
Регистрируется не бей айпи <204.21.145.37>.
Регистрируется Питерболд айпи <192.222.167.213>.
Регистрируется Гадя айпи <76.144.157.93>.
Регистрируется не стукай айпи <16.203.29.31>.
Регистрируется Жирный айпи <94.44.145.37>.
Регистрируется Нежирный айпи <94.44.145.37>.
Регистрируется Супержирный айпи <94.44.145.37>.
Регистрируется Супержирный2 айпи <94.44.145.37>.
Регистрируется Среднячок айпи <94.44.145.37>.
Регистрируется Бомбардист айпи <94.44.145.37>.
Регистрируется Безумный Макс айпи <43.172.34.77>.
Регистрируется Врангельитог айпи <94.44.145.37>.
Регистрируется Пончик айпи <59.39.211.31>.
Регистрируется india айпи <2.3.165.178>.
Регистрируется Врангельитог2 айпи <94.44.145.37>.
Регистрируется Том Хэнкс айпи <14.172.216.46>.
Регистрируется Iceberg айпи <2.3.165.178>.
Регистрируется NRJ айпи <13.40.81.93>.
Регистрируется Ноунейм айпи <9.192.216.46>.
Регистрируется говно2 айпи <16.203.29.31>.
Регистрируется Бомбер айпи <94.44.145.37>.
Регистрируется Kenzo айпи <2.3.165.178>.
Регистрируется Eskab айпи <49.209.80.213>.
Регистрируется Big Yung Kosty айпи <181.65.162.178>.
Регистрируется Пацанчик айпи <205.148.84.95>.
Регистрируется Машка и Честь айпи <57.128.78.93>.
Регистрируется Машка и Честь айпи <57.128.78.93>.
Регистрируется Машка и Честь айпи <57.128.78.93>.
Регистрируется Машка и Честь айпи <57.128.78.93>.
Регистрируется Васаби айпи <57.128.78.93>.
Регистрируется Pisdos3 айпи <62.25.83.95>.
Регистрируется ciego айпи <2.3.165.178>.
Регистрируется FROST айпи <221.138.107.89>.
Регистрируется ZeroTwo айпи <50.106.229.94>.
Регистрируется df айпи <2.3.165.178>.
Регистрируется reqtfdsg айпи <1.0.0.127>.
Регистрируется апывывар айпи <210.0.111.79>.
Регистрируется вапрвапр айпи <1.0.0.127>.
Регистрируется йцуеапыап айпи <1.0.0.127>.
Регистрируется выапвап айпи <1.0.0.127>.
Регистрируется паовррпал айпи <1.0.0.127>.
